!AIVDM,1,1,,A,402Fh`1v`kcD10SLqFI6PJ7005I@,0*72
!AIVDM,1,1,,A,402Fh`1v`kcDE0SLqFI6PJ7005I@,0*06
!AIVDM,1,1,,A,402Fh`1v`kcDa0SLqFI6PJ7000S:,0*47
!AIVDM,1,1,,A,402Fh`1v`kcE10SLqFI6PJ7000S:,0*16
!AIVDM,1,1,,A,D02Fh`1RpN?b<`N01sDv000,2*4E
!AIVDM,1,1,,A,D02Fh`1RpN?b<`N01sDv000,2*4E
!AIVDM,1,1,,B,34hFa=5000PP`oRHt<5osIS08Dn:,0*23
!AIVDM,1,1,,A,402Fh`1v`kcFa0SLqFI6PJ700D8k,0*0B
!AIVDM,1,1,,A,402Fh`1v`kcGa0SLqFI6PJ700@HI,0*5C
!AIVDM,1,1,,B,402Fh`1v`kcH;0SLqFI6PJ700H6l,0*59
!AIVDM,1,1,,B,D02Fh`02tN?b<`N00mtv000,2*07
!AIVDM,1,1,,A,D02Fh`1RpN?b<`N01sDv000,2*4E
!AIVDM,1,1,,A,402Fh`1v`kcIE0SLqFI6PJ700<83,0*00
!AIVDM,1,1,,A,402Fh`1v`kcJa0SLqFI6PJ7005I`,0*0C
!AIVDM,1,1,,B,402Fh`1v`kcK;0SLqFI6PJ700<7U,0*16
!AIVDM,1,1,,A,402Fh`1v`kcKa0SLqFI6PJ7000S:,0*48
!AIVDM,1,1,,A,H02Fh`0ltq@F08TLptpD0000000,2*6F
!AIVDM,1,1,,A,402Fh`1v`kcM10SLqFI6PJ7005Il,0*57
!AIVDM,1,1,,A,D02Fh`1RpN?b<`N01sDv000,2*4E
!AIVDM,1,1,,A,402Fh`1v`kcNE0SLqFI6PJ700<6r,0*48
!AIVDM,1,1,,A,34hFa=5000PP`oTHt<5o9qS08Dtr,0*06
!AIVDM,1,1,,B,34hKPs50000P`9JHt7soO2P@0000,0*2E
!AIVDM,1,1,,A,14hQul0P00PP`KNHt9lv4?v020SF,0*43
!AIVDM,1,1,,A,34hKPs50000P`9JHt7snhBP@0000,0*7B
!AIVDM,1,1,,A,402Fh`1v`kcVE0SLqFI6PJ7005JH,0*1F
!AIVDM,1,1,,A,402Fh`1v`kcVa0SLqFI6PJ700<6g,0*61
!AIVDM,1,1,,B,402Fh`1v`kcWO0SLqFI6PJ7000S:,0*79
!AIVDM,1,1,,A,D02Fh`1RpN?b<`N01sDv000,2*4E
!AIVDM,1,1,,A,402Fh`1v`kc`E0SLqFI6PJ700H<c,0*09
!AIVDM,1,1,,A,402Fh`1v`kcaa0SLqFI6PJ7000S:,0*62
!AIVDM,1,1,,B,402Fh`1v`kcak0SLqFI6PJ700<6l,0*54
!AIVDM,1,1,,A,402Fh`1v`kcb10SLqFI6PJ700<6n,0*0C
!AIVDM,1,1,,A,D02Fh`1RpN?b<`N01sDv000,2*4E
!AIVDM,1,1,,A,402Fh`1v`kcbE0SLqFI6PJ700@<c,0*03
!AIVDM,1,1,,A,34hFa=5vh0PP`oTHt<5mF9S28Deb,0*2E
!AIVDM,1,1,,A,D02Fh`1RpN?b<`N01sDv000,2*4E
!AIVDM,1,1,,A,402Fh`1v`kcea0SLqFI6PJ7005Jl,0*2C
!AIVDM,1,1,,A,402Fh`1v`kcg10SLqFI6PJ70080u,0*10
!AIVDM,1,1,,A,402Fh`1v`kcga0SLqFI6PJ700D6a,0*2E
!AIVDM,1,1,,A,402Fh`1v`kcj10SLqFI6PJ700D6a,0*73
!AIVDM,1,1,,A,402Fh`1v`kcjE0SLqFI6PJ7005K8,0*52
!AIVDM,1,1,,B,34hKPs50000P`9HHt7sW6RP@0000,0*0D
!AIVDM,1,1,,A,402Fh`1v`kcm10SLqFI6PJ70080u,0*1A
!AIVDM,1,1,,B,402Fh`1v`kcm;0SLqFI6PJ70086l,0*0C
!AIVDM,1,1,,A,D02Fh`1RpN?b<`N01sDv000,2*4E
!AIVDM,1,1,,A,402Fh`1v`kcmE0SLqFI6PJ700<6k,0*72
!AIVDM,1,1,,B,402Fh`1v`kcnk0SLqFI6PJ7008N@,0*0B
!AIVDM,1,1,,A,34hFa=51@0PP`oPHt<5rr9S28DQb,0*5A
!AIVDM,1,1,,A,402Fh`1v`kcoa0SLqFI6PJ700@HI,0*74
!AIVDM,1,1,,A,D02Fh`1RpN?b<`N01sDv000,2*4E
!AIVDM,1,1,,A,34hFa=5vh0PP`oRHt<5F=aS08Df:,0*79
!AIVDM,2,1,3,A,54hFa=80?M?M`LQ3<004l85=<4@u80000000000U6@t994O:0:P@0000,0*7E
!AIVDM,2,2,3,A,000000000000000,2*27
!AIVDM,1,1,,A,402Fh`1v`kd5E0SLqFI6PJ7005PD,0*6D
!AIVDM,1,1,,A,34hKPs50000P`9FHt7sW;BPB0000,0*1F
!AIVDM,1,1,,A,34hFa=5000PP`oRHt<5DsqS08Dv:,0*2B
!AIVDM,1,1,,A,402Fh`1v`kd7a0SLqFI6PJ700D7b,0*7B
!AIVDM,1,1,,A,402Fh`1v`kd:E0SLqFI6PJ7005P`,0*46
!AIVDM,1,1,,A,14hQul0P00PP`KLHt9lv4?v22H0e,0*7B
!AIVDM,1,1,,A,14hQul0P00PP`KVHt9lN4?vV2H;L,0*1F
!AIVDM,1,1,,A,402Fh`1v`kd;E0SLqFI6PJ7000S:,0*1B
!AIVDM,1,1,,A,34hFa=5000PP`oRHt<5G59S48DS:,0*07
!AIVDM,1,1,,A,14hQul0P00PP`KTHt9kv4?w@2HGo,0*6A
!AIVDM,1,1,,A,D02Fh`1RpN?b<`N01sDv000,2*4E
!AIVDM,1,1,,A,402Fh`1v`kd>a0SLqFI6PJ700D7M,0*5D
!AIVDM,2,1,4,A,54hFa=80?M?M`LQ3<004l85=<4@u80000000000U6@t994O:0:P@0000,0*79
!AIVDM,2,2,4,A,000000000000000,2*20
!AIVDM,1,1,,B,34hFa=51@1PP`oRHt<50t9S48D`b,0*29
!AIVDM,1,1,,A,402Fh`1v`kdAE0SLqFI6PJ7005Q4,0*68
!AIVDM,1,1,,A,402Fh`1v`kdE10SLqFI6PJ700@0u,0*4D
!AIVDM,1,1,,A,D02Fh`1RpN?b<`N01sDv000,2*4E
!AIVDM,1,1,,A,402Fh`1v`kdJ10SLqFI6PJ700<6e,0*28
!AIVDM,1,1,,A,402Fh`1v`kdKE0SLqFI6PJ7005Qd,0*32
!AIVDM,1,1,,A,402Fh`1v`kdQ10SLqFI6PJ70080u,0*21
!AIVDM,1,1,,B,34hKPs50000P`9<Ht7sp62PB0000,0*3C
!AIVDM,1,1,,A,D02Fh`1RpN?b<`N01sDv000,2*4E
!AIVDM,1,1,,A,402Fh`1v`kdRE0SLqFI6PJ700D6o,0*36
!AIVDM,1,1,,A,D02Fh`1RpN?b<`N01sDv000,2*4E
!AIVDM,1,1,,A,402Fh`1v`kdUE0SLqFI6PJ7008<c,0*4B
!AIVDM,1,1,,A,402Fh`1v`kdUa0SLqFI6PJ7000S:,0*51
!AIVDM,1,1,,A,D02Fh`1RpN?b<`N01sDv000,2*4E
!AIVDM,1,1,,A,34hQul0P00PP`KFHt9n>4?vT20Mk,0*54
!AIVDM,1,1,,A,402Fh`1v`kda10SLqFI6PJ7005RT,0*5F
!AIVDM,1,1,,A,402Fh`1v`kdaE0SLqFI6PJ700D6n,0*04
!AIVDM,1,1,,B,D02Fh`02tN?b<`N00mtv000,2*07
!AIVDM,1,1,,A,402Fh`1v`kdda0SLqFI6PJ700D6l,0*27
!AIVDM,1,1,,A,D02Fh`1RpN?b<`N01sDv000,2*4E
!AIVDM,1,1,,A,402Fh`1v`kdg10SLqFI6PJ7005Rt,0*79
!AIVDM,1,1,,A,D02Fh`1RpN?b<`N01sDv000,2*4E
!AIVDM,1,1,,A,D02Fh`1RpN?b<`N01sDv000,2*4E
!AIVDM,1,1,,A,402Fh`1v`kdiE0SLqFI6PJ7008<c,0*77
!AIVDM,1,1,,B,D02Fh`02tN?b<`N00mtv000,2*07
!AIVDM,1,1,,A,D02Fh`1RpN?b<`N01sDv000,2*4E
!AIVDM,1,1,,B,D02Fh`02tN?b<`N00mtv000,2*07
!AIVDM,1,1,,A,D02Fh`1RpN?b<`N01sDv000,2*4E
!AIVDM,1,1,,A,D02Fh`1RpN?b<`N01sDv000,2*4E
!AIVDM,1,1,,A,34hFa=5vh0PP`oRHt<62@9S28DVb,0*41
!AIVDM,1,1,,B,402Fh`1v`kdok0SLqFI6PJ700HN@,0*7D
!AIVDM,1,1,,A,402Fh`1v`kdpE0SLqFI6PJ700@<c,0*16
!AIVDM,1,1,,B,402Fh`1v`kdqO0SLqFI6PJ700D6m,0*1E
!AIVDM,1,1,,A,D02Fh`1RpN?b<`N01sDv000,2*4E
!AIVDM,1,1,,A,402Fh`1v`ke0E0SLqFI6PJ7000S:,0*11
!AIVDM,1,1,,A,402Fh`1v`ke1E0SLqFI6PJ700<6s,0*30
!AIVDM,1,1,,A,402Fh`1v`ke1a0SLqFI6PJ7000S:,0*34
!AIVDM,1,1,,B,D02Fh`02tN?b<`N00mtv000,2*07
!AIVDM,2,1,5,A,54hFa=80?M?M`LQ3<004l85=<4@u80000000000U6@t994O:0:P@0000,0*78
!AIVDM,2,2,5,A,000000000000000,2*21
!AIVDM,1,1,,A,D02Fh`1RpN?b<`N01sDv000,2*4E
!AIVDM,1,1,,A,402Fh`1v`ke610SLqFI6PJ700<6k,0*5B
!AIVDM,1,1,,A,402Fh`1v`ke6E0SLqFI6PJ7008<c,0*29
!AIVDM,1,1,,A,402Fh`1v`ke810SLqFI6PJ7005`P,0*31
!AIVDM,1,1,,A,402Fh`1v`ke:10SLqFI6PJ700<6p,0*4C
!AIVDM,1,1,,B,34hFa=51@0PP`oLHt<6<GqS48Dfb,0*44
!AIVDM,1,1,,A,H02Fh`0ltq@F08TLptpD0000000,2*6F
!AIVDM,1,1,,A,14hQul0P00PP`KdHt9pv4?wl20SF,0*28
!AIVDM,1,1,,A,402Fh`1v`ke<a0SLqFI6PJ7008HI,0*59
!AIVDM,1,1,,A,402Fh`1v`ke=10SLqFI6PJ7000S:,0*68
!AIVDM,1,1,,B,D02Fh`02tN?b<`N00mtv000,2*07
!AIVDM,1,1,,A,34hFa=51h0PP`oNHt<62J9S08DmJ,0*01
!AIVDM,1,1,,A,402Fh`1v`ke@E0SLqFI6PJ700<6v,0*44
!AIVDM,1,1,,A,402Fh`1v`keAa0SLqFI6PJ7005a4,0*7D
!AIVDM,1,1,,A,402Fh`1v`keC10SLqFI6PJ700H0u,0*42
!AIVDM,1,1,,A,34hKPs50000P`94Ht7toKjPB0000,0*0A
!AIVDM,1,1,,A,402Fh`1v`keEE0SLqFI6PJ7008<c,0*5A
!AIVDM,1,1,,B,34hKPs50000P`94Ht7to6RPB0000,0*4C
!AIVDM,1,1,,A,402Fh`1v`keIE0SLqFI6PJ7008<c,0*56
!AIVDM,1,1,,A,34hFa=5000PP`oPHt<5VqqS08Ddr,0*63
!AIVDM,1,1,,A,402Fh`1v`keJE0SLqFI6PJ7005a`,0*06
!AIVDM,1,1,,A,402Fh`1v`keJa0SLqFI6PJ7000S:,0*4F
!AIVDM,1,1,,A,402Fh`1v`keME0SLqFI6PJ700D6b,0*25
!AIVDM,1,1,,A,402Fh`1v`keMa0SLqFI6PJ7005al,0*29
!AIVDM,1,1,,B,D02Fh`02tN?b<`N00mtv000,2*07
!AIVDM,1,1,,A,D02Fh`1RpN?b<`N01sDv000,2*4E
!AIVDM,1,1,,A,402Fh`1v`kePa0SLqFI6PJ7008HI,0*35
!AIVDM,1,1,,A,14hQul0P00PP`KLHt9mv4?vT2@;<,0*46
!AIVDM,1,1,,A,402Fh`1v`keQa0SLqFI6PJ7005b4,0*6E
!AIVDM,1,1,,A,402Fh`1v`keRE0SLqFI6PJ7000S:,0*73
!AIVDM,1,1,,B,34hFa=5000PP`oPHt<5c<IS28DfJ,0*18
!AIVDM,1,1,,A,402Fh`1v`keRa0SLqFI6PJ7000S:,0*57
!AIVDM,1,1,,A,402Fh`1v`keS10SLqFI6PJ700@0u,0*5A
!AIVDM,1,1,,A,402Fh`1v`keSE0SLqFI6PJ700@<c,0*34
!AIVDM,1,1,,A,402Fh`1v`keSa0SLqFI6PJ700HHI,0*46
!AIVDM,1,1,,A,D02Fh`1RpN?b<`N01sDv000,2*4E
!AIVDM,1,1,,A,402Fh`1v`keTa0SLqFI6PJ700D6v,0*0C
!AIVDM,1,1,,A,402Fh`1v`keU10SLqFI6PJ70080u,0*24
!AIVDM,1,1,,A,402Fh`1v`keUE0SLqFI6PJ7008<c,0*4A
!AIVDM,1,1,,A,402Fh`1v`keWa0SLqFI6PJ7008HI,0*32
!AIVDM,1,1,,A,402Fh`1v`kea10SLqFI6PJ70080u,0*10
!AIVDM,1,1,,A,402Fh`1v`keb10SLqFI6PJ7005b`,0*59
!AIVDM,1,1,,A,402Fh`1v`kebE0SLqFI6PJ700@<c,0*05
!AIVDM,1,1,,A,D02Fh`1RpN?b<`N01sDv000,2*4E
!AIVDM,1,1,,A,34hFa=51@0PP`oPHt<5taaS28Dab,0*27
!AIVDM,1,1,,A,402Fh`1v`keca0SLqFI6PJ700D7H,0*04
!AIVDM,1,1,,A,402Fh`1v`kedE0SLqFI6PJ7008<c,0*7B
!AIVDM,1,1,,B,402Fh`1v`kedO0SLqFI6PJ7008BR,0*3D
!AIVDM,1,1,,A,402Fh`1v`keeE0SLqFI6PJ7005bl,0*26
!AIVDM,1,1,,A,402Fh`1v`keea0SLqFI6PJ700<7D,0*76
!AIVDM,2,1,6,B,54hFa=80?M?M`LQ3<004l85=<4@u80000000000U6@t994O:0:P@0000,0*78
!AIVDM,2,2,6,B,000000000000000,2*21
!AIVDM,1,1,,A,402Fh`1v`kefa0SLqFI6PJ7008HI,0*03
!AIVDM,1,1,,A,14hQul0P00PP`KPHt9mv4?vV2D0N,0*25
!AIVDM,1,1,,A,402Fh`1v`keiE0SLqFI6PJ7005c4,0*73
!AIVDM,1,1,,A,34hFa=5000PP`oRHt<5`j9S08Dt:,0*5C
!AIVDM,1,1,,A,D02Fh`1RpN?b<`N01sDv000,2*4E
!AIVDM,1,1,,A,402Fh`1v`keka0SLqFI6PJ700@HI,0*76
!AIVDM,1,1,,B,34hKPs50000P`9<Ht7to1BPB0000,0*53
!AIVDM,1,1,,A,D02Fh`1RpN?b<`N01sDv000,2*4E
!AIVDM,1,1,,A,402Fh`1v`kemE0SLqFI6PJ7005cD,0*07
!AIVDM,1,1,,A,402Fh`1v`kema0SLqFI6PJ7008HI,0*08
!AIVDM,1,1,,A,D02Fh`1RpN?b<`N01sDv000,2*4E
!AIVDM,1,1,,A,34hFa=5vh0PP`oRHt<5tDaS28DN:,0*18
!AIVDM,1,1,,A,14hQul0P00PP`KbHt9mv4?wl2L0Q,0*3B
!AIVDM,1,1,,A,D02Fh`1RpN?b<`N01sDv000,2*4E
!AIVDM,1,1,,B,34hKPs50000P`9<Ht7tnqRPD0000,0*04
!AIVDM,1,1,,A,D02Fh`1RpN?b<`N01sDv000,2*4E
!AIVDM,1,1,,A,402Fh`1v`kesE0SLqFI6PJ700<6n,0*6F
!AIVDM,1,1,,A,14hQul0P00PP`KbHt9oN4?wl2@R7,0*09
!AIVDM,1,1,,A,402Fh`1v`kf0a0SLqFI6PJ7008HI,0*56
!AIVDM,1,1,,A,D02Fh`1RpN?b<`N01sDv000,2*4E
!AIVDM,1,1,,A,34hFa=5vh0PP`oRHt<5pGIRv8E0r,0*45
!AIVDM,1,1,,A,D02Fh`1RpN?b<`N01sDv000,2*4E
!AIVDM,1,1,,A,402Fh`1v`kf410SLqFI6PJ7000S:,0*62
!AIVDM,2,1,7,A,54hFa=80?M?M`LQ3<004l85=<4@u80000000000U6@t994O:0:P@0000,0*7A
!AIVDM,2,2,7,A,000000000000000,2*23
!AIVDM,1,1,,A,D02Fh`1RpN?b<`N01sDv000,2*4E
!AIVDM,1,1,,A,402Fh`1v`kf5E0SLqFI6PJ700<6i,0*2D
!AIVDM,1,1,,B,402Fh`1v`kf6;0SLqFI6PJ700@6l,0*2A
!AIVDM,1,1,,A,402Fh`1v`kf810SLqFI6PJ70080u,0*4A
!AIVDM,1,1,,A,402Fh`1v`kf9E0SLqFI6PJ700<6f,0*2E
!AIVDM,1,1,,B,34hE7t50000PaG@Ht>bcuIQb0Dor,0*2A
!AIVDM,1,1,,A,34hKPs50000P`9HHt7tFfBPD0000,0*5C
!AIVDM,1,1,,B,34hKPs50000P`9HHt7snwBPD0000,0*61
!AIVDM,1,1,,A,13K5O000000P`;lHt7o:?RPp08AN,0*66
!AIVDM,1,1,,B,14hQul0P00PP`K`Ht9nN4?wN20Rr,0*1E
!AIVDM,1,1,,A,13K5O000000P`;THt7nb?RLr08AS,0*04
!AIVDM,1,1,,B,14hQul0P00PP`KRHt9ov4?v>25j@,0*6B
!AIVDM,2,1,8,B,54hKPs82G`E1`Lu;D01<4ThTpN0M84<D0000000U3@B26?8g06PCU2@Q,0*65
!AIVDM,2,2,8,B,Dp1TP0000000008,2*16
!AIVDM,1,1,,B,13K5O000000P`;bHt7n:?RQ<08Fr,0*1C
!AIVDM,1,1,,A,14hQul0P00PP`KTHt9nv4?vT25jL,0*09
!AIVDM,1,1,,A,34hQul0P00PP`K`Ht9n>4?wl20SC,0*7D
!AIVDM,1,1,,B,13K5O000000P`;lHt7pr?RPV0H<>,0*69
!AIVDM,1,1,,A,34hKPs50000P`9NHt7sV?jPD0000,0*3C
!AIVDM,1,1,,B,13JNVf0PA;0Q8a0Hu=a937<J00S`,0*18
!AIVDM,1,1,,B,13JNVf0PA<0Q7tJHu:SI7W<L0L1;,0*1D
!AIVDM,1,1,,B,13JNVf0Oi=0Q7fJHu9VI7oA20@CJ,0*0B
!AIVDM,1,1,,B,14hQul0P00PP`KRHt9nN4?vn20Sl,0*12
!AIVDM,1,1,,B,13JNVf0OiD0Q008HtI0H`Vm20@C@,0*0F
!AIVDM,1,1,,A,13K5O000000P`;JHt7r:?RLp00SC,0*56
!AIVDM,1,1,,B,13JNVf0PAD0PwHVHtDvHWnk20<13,0*57
!AIVDM,1,1,,A,13JNVf001E0PwAFHtD>paFsF05kd,0*5A
!AIVDM,1,1,,B,13JNVf001D0Pw;BHtC`pbFmb05kd,0*46
!AIVDM,1,1,,B,14hQul0P00PP`KHHt9nN4?v>25pD,0*56
!AIVDM,1,1,,A,34hKPs50000P`9LHt7so1BPD0000,0*21
!AIVDM,1,1,,A,13JNVf0PAC0PqALHse0`Qnld0D1b,0*70
!AIVDM,1,1,,B,13JNVf0OiD0PpGLHsVeHWFqb0HO2,0*1D
!AIVDM,1,1,,A,13K5O000000P`;nHt7tJ?RL@00Sf,0*11
!AIVDM,1,1,,A,34hKPs50000P`9JHt7so62PD0000,0*50
!AIVDM,1,1,,B,34hKPs50000P`9JHt7so=2PD0000,0*58
!AIVDM,1,1,,A,14hQul0P00PP`KdHt9nN4?w<2<0S,0*24
!AIVDM,2,1,9,A,54hKPs82G`E1`Lu;D01<4ThTpN0M84<D0000000U3@B26?8g06PCU2@Q,0*67
!AIVDM,2,2,9,A,Dp1TP0000000008,2*14
!AIVDM,1,1,,A,34hN=v5P000PWqbHt9`o`gwf0E1r,0*27
!AIVDM,2,1,1,B,54hKPs82G`E1`Lu;D01<4ThTpN0M84<D0000000U3@B26?8g06PCU2@Q,0*6C
!AIVDM,2,2,1,B,Dp1TP0000000008,2*1F
!AIVDM,1,1,,A,34hKPs50000P`9JHt7so5BPD0000,0*23
!AIVDM,1,1,,A,13K5O000000P`;NHt7pb?ROP00Se,0*0D
!AIVDM,1,1,,A,13K5O000000P`;jHt7pb?RNp0@AQ,0*5E
!AIVDM,1,1,,B,14hQul0P00PP`KbHt9oN4?vn28@6,0*62
!AIVDM,1,1,,A,34hKPs50000P`9JHt7tG3jPD0000,0*22
!AIVDM,1,1,,A,13K5O000000P`;NHt7mb?RPr0<2a,0*44
!AIVDM,1,1,,B,14hQul0P00PP`KLHt9nN4?wN25r0,0*55
!AIVDM,1,1,,B,34hKPs50000P`9JHt7tW22PD0000,0*68
!AIVDM,1,1,,A,14hQul0P00PP`KRHt9nN4?wh25r8,0*66
!AIVDM,1,1,,B,14hQul0P00PP`K`Ht9nv4?vp28@f,0*17
!AIVDM,1,1,,A,34hKPs50000P`9JHt7tW0RPD0000,0*09
!AIVDM,1,1,,B,14hQul0P00PP`KVHt9nf4?v<2H4I,0*56
!AIVDM,1,1,,B,14hQul0P00PP`KTHt9nf4?vp2D0Q,0*08
!AIVDM,1,1,,B,13K5O000000P`:vHt7mr?RLV05rP,0*2E
!AIVDM,1,1,,B,14hQul0P00PP`KbHt9mv4?vp2@@b,0*6A
!AIVDM,1,1,,B,14hQul0P00PP`KTHt9nf4?vp28@b,0*37
!AIVDM,1,1,,A,34hKPs50000P`9LHt7tWH2PD0000,0*17
!AIVDM,1,1,,A,13K5O000000P`:VHt7oJ?RNB0@6:,0*7A
!AIVDM,1,1,,A,13K5O000000P`:THt7or?RLr05rh,0*11
!AIVDM,1,1,,A,13K5O000000P`;4Ht7nJ?RPB0<2U,0*11
!AIVDM,1,1,,A,33P7oq50000PaCLHt>`ch9TB0Dpr,0*64
!AIVDM,1,1,,B,14hQul0P00PP`KHHt9mv4?vp2<0S,0*7D
!AIVDM,1,1,,B,13K5O000000P`;PHt7mJ?ROj0D2T,0*3B
!AIVDM,1,1,,A,34hKPs50000P`9JHt7tVjRPF0000,0*50
!AIVDM,1,1,,B,14hQul0P00PP`KHHt9rv4?v<2<0R,0*2F
!AIVDM,1,1,,A,13K5O000000P`;>Ht7oJ?RL@00SD,0*78
!AIVDM,1,1,,A,34hKPs50000P`9JHt7toKjPF0000,0*70
!AIVDM,1,1,,A,13K5O000000P`;HHt7pJ?RNr08Aj,0*15
!AIVDM,1,1,,B,34hKPs50000P`9JHt7u70jPF0000,0*51
!AIVDM,1,1,,A,34hKPs50000P`9JHt7uG8RPF0000,0*12
!AIVDM,1,1,,A,13K5O000000P`;NHt7q:?RN@0D2W,0*62
!AIVDM,1,1,,A,34hKPs50000P`9JHt7uG@BPF0000,0*7A
!AIVDM,1,1,,A,13K5O000000P`;NHt7pr?RNn08@u,0*29
!AIVDM,1,1,,B,34hQul0P00PP`KTHt9o>4?v:20N3,0*71
!AIVDM,1,1,,A,13K5O000000P`;pHt7mJ?RMP0<2U,0*59
!AIVDM,1,1,,A,34hKPs50000P`9JHt7uG7RPF0000,0*1D
!AIVDM,1,1,,B,13K5O000000P`<HHt7g:?RLT061h,0*2E
!AIVDM,1,1,,A,34hKPs50000P`9JHt7u6wRPF0000,0*2C
!AIVDM,1,1,,B,34hKPs50000P`9JHt7u74BPF0000,0*7D
!AIVDM,1,1,,A,B3Hq4G00>`8;b=6>tcOPcwf1l@@m,0*5D
!AIVDM,1,1,,B,B3Hq4G00<H8;aM6>u6OK7wP1l@08,0*0F
!AIVDM,1,1,,A,B3Hq4G00<88;`VV>uMkI?wf1l<2v,0*55
!AIVDM,1,1,,B,B3Hq4G00<H8;WV6>uoWF?wP1l<2v,0*56
!AIVDM,1,1,,A,B3Hq4G00?H8;Vn6>vAKC;wf1n4OQ,0*39
!AIVDM,1,1,,A,B3Hq4G00=`8;Tr6>w2OG7wf1n4CA,0*6F
!AIVDM,1,1,,A,B3Hq4G00;`8;RwV>wnwGCwf1l0Sq,0*3C
!AIVDM,1,1,,B,B3Hq4G00<p8;Nt6?1r?O3wuQl@Rm,0*22
!AIVDM,1,1,,A,B3Hq4G00<88;LK6?363FowfQl8AT,0*0A
!AIVDM,1,1,,B,B3Hq4G00<`8;JrV?3NgAGwuQn0>i,0*56
!AIVDM,1,1,,A,B3Hq4G00<p8;HI6?3oW8wwfQl63@,0*77
!AIVDM,1,1,,B,H3Hq4G4TCBD8IWf614onhj00000t,0*05
!AIVDM,1,1,,B,B3Hq4G00;`8;8IV?5CBv3wu1l@RM,0*2F
!AIVDM,1,1,,A,34hKPs50000P`9JHt7to42PF0000,0*57
!AIVDM,1,1,,A,B3Hq4G00;`8:u<V?5qrwSwf1l<2m,0*59
!AIVDM,1,1,,A,H3Hq4G0D<=DlD00000000000000,2*0C
!AIVDM,1,1,,B,B3Hq4G00?p8:bTV?6wJuGwu1l0R@,0*48
!AIVDM,1,1,,A,H3Hq4G4TCBD8IWf614onhj00000t,0*06
!AIVDM,1,1,,A,B3Hq4G007H8:QAV?6nj8cweQlL2q,0*50
!AIVDM,2,1,2,B,54hKPs82G`E1`Lu;D01<4ThTpN0M84<D0000000U3@B26?8g06PCU2@Q,0*6F
!AIVDM,2,2,2,B,Dp1TP0000000008,2*1C
!AIVDM,1,1,,A,B3Hq4G00<H8:GD6?5lN2cweQlD2u,0*0B
!AIVDM,1,1,,B,B3Hq4G00;p8:EMV?5N1tcwtQl688,0*63
!AIVDM,1,1,,A,34hKPs50000P`9LHt7tWERPF0000,0*78
!AIVDM,1,1,,A,13K5O000000P`;hHt7kr?RKP0D2H,0*1C
!AIVDM,1,1,,A,B3Hq4G00<p8?RB6?J`TV3wqQl@ND,0*25
!AIVDM,1,1,,A,13K5O000000P`<:Ht7m:?RJ@00Sk,0*20
!AIVDM,1,1,,A,D02Fh`1RpN?b<`N01sDv000,2*4E
!AIVDM,1,1,,A,13K5O000000P`;hHt7pb?RLp0@AA,0*4E
!AIVDM,1,1,,A,B3Hq4G00=p8?bC6?K2lWowqQl<3E,0*23
!AIVDM,1,1,,A,D02Fh`1RpN?b<`N01sDv000,2*4E
!AIVDM,1,1,,A,402Fh`1v`l:QE0SLqFI6PJ7005B4,0*32
!AIVDM,1,1,,A,13K5O000000P`<:Ht7nb?RLp0<2M,0*06
!AIVDM,1,1,,A,B3Hq4G00=H8?j96?KMdSswqQl8ND,0*7E
!AIVDM,1,1,,A,13K5O000000P`;`Ht7q:?RJB0D2N,0*53
!AIVDM,1,1,,A,14hQul0P00PP`KTHt9lf4?vV2@;M,0*3C
!AIVDM,1,1,,A,13K5O000000P`;jHt7nb?RJp08AA,0*2C
!AIVDM,1,1,,A,H02Fh`0ltq@F08TLptpD0000000,2*6F
!AIVDM,1,1,,A,13K5O000000P`;rHt7nJ?RMP08MA,0*37
!AIVDM,1,1,,A,H3Hq4G0D<=DlD00000000000000,2*0C
!AIVDM,1,1,,A,13K5O000000P`<:Ht7pJ?RLB0@66,0*01
!AIVDM,1,1,,B,B3Hq4G00<H8?uiV?L7HUkwc1l8=K,0*12
!AIVDM,1,1,,A,13K5O000000P`<BHt7ob?RKR05B<,0*52
!AIVDM,1,1,,A,402Fh`1v`l:T10SLqFI6PJ700@0u,0*05
!AIVDM,1,1,,A,D02Fh`1RpN?b<`N01sDv000,2*4E
!AIVDM,1,1,,B,B3Hq4G00=`8@5PV?LSdUowc1l5B@,0*08
!AIVDM,1,1,,A,402Fh`1v`l:Ta0SLqFI6PJ7000S:,0*09
!AIVDM,1,1,,A,B3Hq4G00<H8@9O6?Lh@bKwqQl@NL,0*5A
!AIVDM,1,1,,A,13K5O000000P`<<Ht7qJ?RJB0866,0*78
!AIVDM,1,1,,A,402Fh`1v`l:UE0SLqFI6PJ700<6a,0*1E
!AIVDM,1,1,,A,13K5O000000P`<NHt7nr?RJr0L2R,0*09
!AIVDM,1,1,,A,13K5O000000P`<8Ht7hr?RMR0HML,0*3B
!AIVDM,1,1,,A,402Fh`1v`l:V10SLqFI6PJ70080u,0*7F
!AIVDM,1,1,,A,402Fh`1v`l:VE0SLqFI6PJ7008<c,0*11
!AIVDM,1,1,,A,402Fh`1v`l:Va0SLqFI6PJ7008HI,0*6B
!AIVDM,1,1,,A,13K5O000000P`<4Ht7nb?RMR0D2S,0*4D
!AIVDM,1,1,,A,402Fh`1v`l:WE0SLqFI6PJ7005BL,0*4C
!AIVDM,1,1,,A,13K5O000000P`;8Ht7kb?RLr0D2T,0*65
!AIVDM,1,1,,A,13K5O000000P`;8Ht7q:?RMR0@ML,0*65
!AIVDM,1,1,,A,B3Hq4G00<`8@PbV?Mm<WowqQl5BL,0*46
!AIVDM,1,1,,B,B3Hq4G00=88@TPV?N1HUSwb1n6`Q,0*72
!AIVDM,1,1,,A,402Fh`1v`l:`E0SLqFI6PJ7000S:,0*19
!AIVDM,1,1,,A,402Fh`1v`l:`a0SLqFI6PJ7000S:,0*3D
!AIVDM,1,1,,A,13K5O000000P`;THt7pr?RMR0<2U,0*5A
!AIVDM,1,1,,A,D02Fh`1RpN?b<`N01sDv000,2*4E
!AIVDM,1,1,,A,402Fh`1v`l:aE0SLqFI6PJ700H<c,0*56
!AIVDM,2,2,1,A,000000000000000,2*25
!AIVDM,1,1,,A,13K5O000000P`;LHt7p:?RMR08ML,0*68
!AIVDM,1,1,,A,D02Fh`1RpN?b<`N01sDv000,2*4E
!AIVDM,1,1,,A,402Fh`1v`l:bE0SLqFI6PJ700D6a,0*51
!AIVDM,2,1,2,A,54hKPs82G`E1`Lu;D01<4ThTpN0M84<D0000000U3@B26?8g06PCU2@Q,0*6C
!AIVDM,2,2,2,A,Dp1TP0000000008,2*1F
!AIVDM,1,1,,A,D02Fh`1RpN?b<`N01sDv000,2*4E
!AIVDM,1,1,,A,34hKPs50000P`9DHt7r8uRPb0000,0*0D
!AIVDM,1,1,,A,34hFa=5000PP`oJHt<4iGqS28DVJ,0*79
!AIVDM,1,1,,A,13K5O000000P`:bHt7nr?RMR00Rr,0*38
!AIVDM,1,1,,A,D02Fh`1RpN?b<`N01sDv000,2*4E
!AIVDM,1,1,,B,402Fh`1v`l:dO0SLqFI6PJ700<6V,0*11
!AIVDM,1,1,,A,402Fh`1v`l:e10SLqFI6PJ7005Bl,0*2A
!AIVDM,1,1,,A,402Fh`1v`l:eE0SLqFI6PJ7008<c,0*22
!AIVDM,1,1,,B,D02Fh`02tN?b<`N00mtv000,2*07
!AIVDM,1,1,,A,402Fh`1v`l:fE0SLqFI6PJ7005Bp,0*41
!AIVDM,1,1,,A,13K5O000000P`:pHt7sr?RLr0D2W,0*27
!AIVDM,1,1,,A,402Fh`1v`l:fa0SLqFI6PJ7005Bp,0*65
!AIVDM,1,1,,A,13K5O000000P`;BHt7nr?RJr0@Af,0*49
!AIVDM,2,2,3,B,000000000000000,2*24
!AIVDM,1,1,,A,13K5O000000P`;`Ht7o:?RL@085F,0*3A
!AIVDM,2,1,4,B,54hKPs82G`E1`Lu;D01<4ThTpN0M84<D0000000U3@B26?8g06PCU2@Q,0*69
!AIVDM,1,1,,A,13K5O000000P`<8Ht7kb?RL@05C4,0*30
!AIVDM,1,1,,A,402Fh`1v`l:ia0SLqFI6PJ700D6S,0*4C
!AIVDM,1,1,,A,D02Fh`1RpN?b<`N01sDv000,2*4E
!AIVDM,1,1,,B,402Fh`1v`l:jO0SLqFI6PJ7005C8,0*0D
!AIVDM,1,1,,A,13K5O000000P`;dHt7lJ?RMP00Rc,0*16
!AIVDM,1,1,,A,D02Fh`1RpN?b<`N01sDv000,2*4E
!AIVDM,1,1,,A,13K5O000000P`<>Ht7nb?RMN0<2U,0*25
!AIVDM,1,1,,A,13K5O000000P`;tHt7k:?RLp0HAK,0*13
!AIVDM,1,1,,A,13K5O000000P`;VHt7ib?RMP08Le,0*19
!AIVDM,1,1,,A,402Fh`1v`l:ma0SLqFI6PJ7005CD,0*5B
!AIVDM,2,2,5,A,000000000000000,2*21
!AIVDM,1,1,,A,B3Hf5KP07H8;oa6?3F4NGweUoP06,0*2A
!AIVDM,1,1,,A,13K5O000000P`<:Ht7l:?RLp0@AK,0*55
!AIVDM,1,1,,A,13K5O000000P`;VHt7jr?RMP00Sa,0*19
!AIVDM,1,1,,A,402Fh`1v`l:o10SLqFI6PJ7000S:,0*62
!AIVDM,2,1,6,A,54hKPs82G`E1`Lu;D01<4ThTpN0M84<D0000000U3@B26?8g06PCU2@Q,0*68
!AIVDM,1,1,,A,34hKPs50000P`9FHt7r7MRPb0000,0*38
!AIVDM,2,1,7,A,53K5O082FFIGTP7GGO4pvsV2222222222222220U1pI444j<N6hCU2@Q,0*62
!AIVDM,1,1,,A,B3Hf5KP06H8;vBV?40tKkweUoP06,0*69
!AIVDM,1,1,,A,14hQul0P00PP`KJHt9kf4?vR2@:b,0*0F
!AIVDM,1,1,,A,13K5O000000P`<BHt7nJ?RLp05CT,0*37
!AIVDM,1,1,,A,402Fh`1v`l:r10SLqFI6PJ7005C`,0*30
!AIVDM,1,1,,A,13K5O000000P`;>Ht7m:?RLp00Sd,0*1A
!AIVDM,1,1,,B,34hFa=5000PP`oRHt<4qq9S08Deb,0*1D
!AIVDM,1,1,,A,402Fh`1v`l:s10SLqFI6PJ7000S:,0*7E
!AIVDM,1,1,,A,13K5O000000P`;HHt7lb?RNr0D2R,0*16
!AIVDM,1,1,,A,402Fh`1v`l;0a0SLqFI6PJ7005H0,0*78
!AIVDM,1,1,,A,D02Fh`1RpN?b<`N01sDv000,2*4E
!AIVDM,1,1,,A,34hFa=5000PP`oPHt<5C29S28Dgr,0*7C
!AIVDM,1,1,,A,14hQul0P00PP`KBHt9kv4?wl2<0Q,0*6D
!AIVDM,1,1,,A,402Fh`1v`l;2E0SLqFI6PJ7005H8,0*56
!AIVDM,1,1,,A,402Fh`1v`l;2a0SLqFI6PJ700D6U,0*10
!AIVDM,1,1,,A,13K5O000000P`<:Ht7k:?RP@05H<,0*75
!AIVDM,1,1,,A,402Fh`1v`l;3a0SLqFI6PJ700@HI,0*77
!AIVDM,1,1,,A,402Fh`1v`l;410SLqFI6PJ7000S:,0*38
!AIVDM,1,1,,B,34hKPs50000P`9BHt7r7HjPb0000,0*02
!AIVDM,1,1,,B,B3q35T00<88FBt6?r65L;wj5oP06,0*25
!AIVDM,2,1,9,A,54hFa=80?M?M`LQ3<004l85=<4@u80000000000U6@t994O:0:P@0000,0*74
!AIVDM,1,1,,A,402Fh`1v`l;6E0SLqFI6PJ7005HH,0*22
!AIVDM,2,1,1,A,54hKPs82G`E1`Lu;D01<4ThTpN0M84<D0000000U3@B26?8g06PCU2@Q,0*6F
!AIVDM,1,1,,A,34hKPs50000P`9BHt7r6sjPb0000,0*3B
!AIVDM,1,1,,A,B3Hf5KP0488<SBV?5r<gkweUoP06,0*1E
!AIVDM,1,1,,A,402Fh`1v`l;8E0SLqFI6PJ700H<c,0*0E
!AIVDM,1,1,,A,13K5O000000P`;nHt7nr?RQP08M0,0*7E
!AIVDM,1,1,,A,402Fh`1v`l;9E0SLqFI6PJ700D6Q,0*3B
!AIVDM,1,1,,A,402Fh`1v`l;9a0SLqFI6PJ700@HI,0*7D
!AIVDM,1,1,,A,D02Fh`1RpN?b<`N01sDv000,2*4E
!AIVDM,1,1,,B,34hKPs50000P`9@Ht7rGkjPb0000,0*53
!AIVDM,1,1,,A,402Fh`1v`l;:a0SLqFI6PJ700<6U,0*60
!AIVDM,1,1,,A,B3Hf5KP02p8<`:V?5s4ccweUoP06,0*1E
!AIVDM,1,1,,A,B3Hf5KP03`8<auV?5r5:GweUoP06,0*3C
!AIVDM,1,1,,A,402Fh`1v`l;<E0SLqFI6PJ7008<c,0*7A
!AIVDM,1,1,,A,D02Fh`1RpN?b<`N01sDv000,2*4E
!AIVDM,1,1,,A,402Fh`1v`l;>10SLqFI6PJ700<6l,0*0D
!AIVDM,1,1,,A,D02Fh`1RpN?b<`N01sDv000,2*4E
!AIVDM,1,1,,A,402Fh`1v`l;>a0SLqFI6PJ700HHI,0*72
!AIVDM,1,1,,A,13K5O000000P`;fHt7kb?RNB0<2`,0*45
!AIVDM,1,1,,A,13K5O000000P`;jHt7p:?RPr08B2,0*02
!AIVDM,1,1,,A,402Fh`1v`l;@E0SLqFI6PJ7008<c,0*06
!AIVDM,1,1,,A,13K5O000000P`<2Ht7jJ?RNr05I0,0*2D
!AIVDM,1,1,,A,402Fh`1v`l;A10SLqFI6PJ7000S:,0*4D
!AIVDM,1,1,,A,13K5O000000P`<>Ht7lb?RNr00Rf,0*47
!AIVDM,1,1,,A,13K5O000000P`<FHt7n:?ROP0D2V,0*62
!AIVDM,1,1,,A,402Fh`1v`l;BE0SLqFI6PJ7000S:,0*3A
!AIVDM,1,1,,A,402Fh`1v`l;Ba0SLqFI6PJ7008HI,0*7E
!AIVDM,2,1,2,A,54hKPs82G`E1`Lu;D01<4ThTpN0M84<D0000000U3@B26?8g06PCU2@Q,0*6C
!AIVDM,1,1,,A,34hFa=5vh0PP`oNHt<5aj9S28DQr,0*30
!AIVDM,1,1,,A,13K5O000000P`;vHt7m:?RQP0<2V,0*30
!AIVDM,1,1,,B,402Fh`1v`l;D;0SLqFI6PJ7000S:,0*41
!AIVDM,1,1,,A,402Fh`1v`l;DE0SLqFI6PJ700@<c,0*7A
!AIVDM,1,1,,A,13K5O000000P`<FHt7k:?RPr05I@,0*46
!AIVDM,1,1,,A,14hQul0P00PP`K:Ht9k>4?w<2L0R,0*7E
!AIVDM,1,1,,B,34hKPs50000P`9:Ht7roBRPb0000,0*10
!AIVDM,1,1,,A,13Ijia001e0RDO0HuLSKNa9T05IH,0*2D
!AIVDM,1,1,,A,13K5O000000P`<JHt7l:?RP@00Sh,0*48
!AIVDM,1,1,,A,14hQul0P00PP`K>Ht9kv4?w<2D0R,0*3A
!AIVDM,2,2,3,B,000000000000000,2*24
!AIVDM,1,1,,A,14hQul0P00PP`KBHt9lf4?vR20Sg,0*1C
!AIVDM,1,1,,A,13Ijia001e0RBVvHuQEKLa8t0D2r,0*6C
!AIVDM,1,1,,A,402Fh`1v`l;Ha0SLqFI6PJ700<7C,0*05
!AIVDM,1,1,,A,13Ijia001e0RB>fHuRCsNq;T0L2s,0*11
!AIVDM,2,2,4,B,Dp1TP0000000008,2*1A
!AIVDM,1,1,,A,13Ijia001e0RAO0HuT;KQa:t0@AR,0*03
!AIVDM,1,1,,A,13K5O000000P`<LHt7k:?ROP0D2U,0*6E
!AIVDM,1,1,,A,13K5O000000P`<fHt7kJ?RPn0D2T,0*14
!AIVDM,1,1,,A,13K5O000000P`<>Ht7l:?RNB00Rr,0*3B
!AIVDM,1,1,,A,13K5O000000P`;nHt7lr?RPn0@@s,0*75
!AIVDM,1,1,,A,13K5O000000P`<:Ht7mb?RQP0<2S,0*26
!AIVDM,1,1,,A,14hQul0P00PP`KHHt9mv4?vR28:`,0*61
!AIVDM,1,1,,B,34hFa=5vh0PP`oLHt<5W69S08Du:,0*35
!AIVDM,1,1,,A,13Ijia001b0R=O@Hug6K`aBB00Sk,0*12
!AIVDM,1,1,,A,14hQul0P00PP`K8Ht9o>4?wj2<0Q,0*5D
!AIVDM,1,1,,A,13K5O000000P`<PHt7iJ?RNB0@5v,0*33
!AIVDM,1,1,,A,13K5O000000P`;tHt7kJ?RPn05Ip,0*2F
!AIVDM,1,1,,A,34hN=v5P000PWqVHt9bG`gwh0E1J,0*0F
!AIVDM,1,1,,A,14hQul0P00PP`KHHt9m>4?vR2H:8,0*01
!AIVDM,1,1,,A,13K5O000000P`<>Ht7eJ?ROP0@M9,0*75
!AIVDM,1,1,,A,402Fh`1v`l;PE0SLqFI6PJ7005J0,0*3E
!AIVDM,1,1,,A,14hQul0P00PP`KRHt9kv4?wj20Rg,0*23
!AIVDM,1,1,,A,13K5O000000P`<4Ht7gb?RNB05J4,0*39
!AIVDM,1,1,,A,402Fh`1v`l;QE0SLqFI6PJ7000S:,0*29
!AIVDM,1,1,,A,13Hcrp3p0WPR0QFHunCbNHC20D2i,0*26
!AIVDM,1,1,,A,13K5O000000P`<>Ht7iJ?ROP08M9,0*01
!AIVDM,1,1,,A,13K5O000000P`<@Ht7jr?RNB00Rq,0*08
!AIVDM,1,1,,A,D02Fh`1RpN?b<`N01sDv000,2*4E
!AIVDM,1,1,,A,13Ijia001a0R7s2Hv15cgIBr08@m,0*29
!AIVDM,1,1,,B,34hFa=51@0PP`oLHt<5ppIS28DfJ,0*2A
!AIVDM,1,1,,A,13K5O000000P`<JHt7ir?ROP05J8,0*46
!AIVDM,1,1,,A,13Ijia001a0R7>@Hv3E;cIBD00Rj,0*13
!AIVDM,1,1,,A,402Fh`1v`l;SE0SLqFI6PJ700<6g,0*1F
!AIVDM,1,1,,A,13K5O000000P`<:Ht7hr?RLp08A8,0*12
!AIVDM,1,1,,B,13Ijia001`0R6fDHv4vKdIC>05J<,0*3F
!AIVDM,1,1,,A,13K5O000000P`<@Ht7iJ?ROP00SH,0*18
!AIVDM,1,1,,A,13Ijia001`0R6<THv6`seqBD0<2v,0*23
!AIVDM,1,1,,A,14hQul0P00PP`KLHt9n>4?vR25J@,0*73
!AIVDM,1,1,,B,13Ijia001`0R5dnHv8@caIC>00SN,0*6D
!AIVDM,1,1,,A,13K5O000000P`<>Ht7ir?RL@085e,0*0E
!AIVDM,1,1,,A,D02Fh`1RpN?b<`N01sDv000,2*4E
!AIVDM,1,1,,A,34hFa=51@0PP`oLHt<5pHqS08Dlr,0*19
!AIVDM,1,1,,A,13K5O000000P`;rHt7ir?RMR0HMG,0*7C
!AIVDM,1,1,,B,D02Fh`02tN?b<`N00mtv000,2*07
!AIVDM,1,1,,A,13K5O000000P`;pHt7lr?RLn0@@s,0*77
!AIVDM,1,1,,A,402Fh`1v`l;W10SLqFI6PJ7000S:,0*5B
!AIVDM,1,1,,A,402Fh`1v`l;WE0SLqFI6PJ700@<c,0*69
!AIVDM,1,1,,A,13K5O000000P`<@Ht7jb?RMR0@MG,0*52
!AIVDM,1,1,,A,402Fh`1v`l;`E0SLqFI6PJ700<6V,0*1D
!AIVDM,1,1,,A,13Hcrp36PWPQuKtHumM:M`Q00@C;,0*27
!AIVDM,1,1,,A,402Fh`1v`l;`a0SLqFI6PJ700D6a,0*76
!AIVDM,1,1,,A,402Fh`1v`l;a10SLqFI6PJ700@0u,0*31
!AIVDM,1,1,,A,D02Fh`1RpN?b<`N01sDv000,2*4E
!AIVDM,1,1,,A,402Fh`1v`l;b10SLqFI6PJ700<6W,0*6A
!AIVDM,1,1,,A,13K5O000000P`<4Ht7jr?RLn00SP,0*72
!AIVDM,1,1,,A,402Fh`1v`l;c10SLqFI6PJ70080u,0*4B
!AIVDM,1,1,,A,34hKPs50000P`9>Ht7roIjPb0000,0*24
!AIVDM,1,1,,A,34hFa=5vh0PP`oNHt<68G9S08DdJ,0*48
!AIVDM,1,1,,A,13K5O000000P`<2Ht7l:?ROR0D2b,0*22
!AIVDM,2,2,5,A,Dp8888888888880,2*15
!AIVDM,1,1,,A,14hQul0P00PP`KHHt9mf4?vR2@:J,0*23
!AIVDM,1,1,,A,13K5O000000P`<DHt7jr?RNp0HAA,0*65
!AIVDM,1,1,,A,13K5O000000P`<8Ht7ir?ROR0@MG,0*3B
!AIVDM,1,1,,A,13Hcrp3uhWPQsGNHum6:WHVH0<2o,0*03
!AIVDM,1,1,,A,13K5O000000P`<THt7h:?RQR0<2b,0*26
!AIVDM,1,1,,A,13Hcrp36PWPQs4lHum:bW8S`0<2q,0*3E
!AIVDM,1,1,,A,13K5O000000P`<VHt7ir?RN@0@5S,0*2A
!AIVDM,1,1,,A,D02Fh`1RpN?b<`N01sDv000,2*4E
!AIVDM,1,1,,A,13K5O000000P`<dHt7ib?RPp0@AA,0*40
!AIVDM,1,1,,A,13K5O000000P`;nHt7mb?RN@0<2a,0*48
!AIVDM,1,1,,A,13Hcrp3rPWPQrOHHumBbdHfH05Jt,0*76
!AIVDM,1,1,,A,13K5O000000P`<6Ht7m:?RPp0<2b,0*62
!AIVDM,1,1,,A,13K5O000000P`<RHt7hr?ROR05Jt,0*11
!AIVDM,1,1,,A,13K5O000000P`<NHt7lJ?ROR00S1,0*68
!AIVDM,1,1,,A,13K5O000000P`<BHt7hJ?RN@05K4,0*6B
!AIVDM,1,1,,A,B3Hf5KP0>H8;1Q6?48qN?wR5oP06,0*5E
!AIVDM,1,1,,B,402Fh`1v`l;ik0SLqFI6PJ7008N@,0*53
!AIVDM,1,1,,A,402Fh`1v`l;j10SLqFI6PJ70080u,0*42
!AIVDM,1,1,,A,13K5O000000P`<4Ht7hb?RNp00S3,0*1F
!AIVDM,1,1,,A,402Fh`1v`l;kE0SLqFI6PJ700H<c,0*5D
!AIVDM,1,1,,A,402Fh`1v`l;ka0SLqFI6PJ7005K<,0*2C
!AIVDM,1,1,,A,402Fh`1v`l;l10SLqFI6PJ7000S:,0*60
!AIVDM,1,1,,B,34hKPs50000P`9<Ht7sGJ2Pb0000,0*57
!AIVDM,1,1,,A,14hQul0P00PP`KHHt9nN4?w:25K@,0*6F
!AIVDM,1,1,,A,13Ijia001S0QlG<Hvc:s48iT0HM9,0*32
!AIVDM,1,1,,A,D02Fh`1RpN?b<`N01sDv000,2*4E
!AIVDM,1,1,,A,13K5O000000P`<DHt7g:?RNp0<2`,0*06
!AIVDM,2,2,6,A,000000000000000,2*22
!AIVDM,1,1,,B,402Fh`1v`l;mk0SLqFI6PJ700<6h,0*03
!AIVDM,1,1,,A,13Hcrp3:@VPQoM`Hun=rT8LF0@7>,0*52
!AIVDM,1,1,,A,13K5O000000P`<BHt7hJ?RLp08A:,0*50
!AIVDM,1,1,,A,13K5O000000P`<@Ht7h:?RMP00Rn,0*4C
!AIVDM,1,1,,A,13Hcrp35PVPQo::Hun>bSpKb0@OM,0*14
!AIVDM,1,1,,A,D02Fh`1RpN?b<`N01sDv000,2*4E
!AIVDM,1,1,,B,402Fh`1v`l;oO0SLqFI6PJ700@BR,0*17
!AIVDM,1,1,,A,402Fh`1v`l;p10SLqFI6PJ7000S:,0*7C
!AIVDM,1,1,,A,D02Fh`1RpN?b<`N01sDv000,2*4E
!AIVDM,1,1,,A,13K5O000000P`<8Ht7hJ?RNp00S0,0*38
!AIVDM,1,1,,A,14hQul0P00PP`K>Ht9n>4?wj2<0R,0*59
!AIVDM,1,1,,A,13K5O000000P`;FHt7mJ?RL@05KT,0*0F
!AIVDM,1,1,,A,13K5O000000P`;DHt7n:?RNp0D2b,0*72
!AIVDM,1,1,,B,34hFa=5000PP`oLHt<6J8qS28DTr,0*18
!AIVDM,1,1,,A,13Hcrp3s0VPQmBJHumfbE8>J0<32,0*1F
!AIVDM,1,1,,A,13K5O000000P`;FHt7mJ?ROP08Lr,0*30
!AIVDM,2,2,7,B,000000000000000,2*20
!AIVDM,1,1,,A,402Fh`1v`l<010SLqFI6PJ7000S:,0*3B
!AIVDM,1,1,,A,402Fh`1v`l<0E0SLqFI6PJ700<6p,0*6C
!AIVDM,1,1,,A,34hKPs50000P`9:Ht7soi2Pb0000,0*59
!AIVDM,1,1,,A,34hFa=5vh0PP`oJHt<6KDqS28Dfb,0*5C
!AIVDM,1,1,,A,13Hcrp390VPQkw>HumCrP`JJ00S3,0*73
!AIVDM,1,1,,A,13K5O000000P`:`Ht7qr?RNp00Sc,0*14
!AIVDM,1,1,,A,14hQul0P00PP`KBHt9lf4?vT25P<,0*47
!AIVDM,1,1,,A,13K5O000000P`:dHt7sb?RNp0L2`,0*1C
!AIVDM,1,1,,A,13K5O000000P`:dHt7r:?ROR0@Mf,0*13
!AIVDM,1,1,,A,13K5O000000P`;:Ht7qJ?RLB085v,0*3C
!AIVDM,1,1,,A,33Hcrp3m@WPQk48Hum9Jb8RV010h,0*04
!AIVDM,1,1,,B,34hKPs50000P`9:Ht7snV2Pb0000,0*64
!AIVDM,1,1,,A,13Hcrp34PVPQjv8Hum:JRpK008CV,0*4D
!AIVDM,1,1,,A,13Hcrp3shWPQjl>Hum:bR8Kb08OP,0*17
!AIVDM,1,1,,A,13K5O000000P`;4Ht7ob?RNp0D2`,0*59
!AIVDM,1,1,,A,B3Hf5KP0;88<2vV?8ChAkwRUoP06,0*3D
!AIVDM,1,1,,A,13Hcrp35hWPQjGrHum;bf8Mb05PD,0*03
!AIVDM,1,1,,A,13K5O000000P`;8Ht7qb?RLB00Ri,0*66
!AIVDM,1,1,,A,13K5O000000P`:bHt7kb?ROR05PH,0*12
!AIVDM,1,1,,A,402Fh`1v`l<710SLqFI6PJ7000S:,0*3C
!AIVDM,2,2,8,A,Dp1TP0000000008,2*15
!AIVDM,1,1,,A,13Hcrp35hVPQik:Hum?rPpHH05PL,0*28
!AIVDM,1,1,,A,13K5O000000P`;DHt7o:?RLp0<2c,0*08
!AIVDM,1,1,,A,34hQul0P00PP`KNHt9mv4?w:20E3,0*28
!AIVDM,1,1,,A,402Fh`1v`l<7a0SLqFI6PJ7000S:,0*6C
!AIVDM,2,2,9,A,Dp8888888888880,2*19
!AIVDM,1,1,,B,B3Hf5KP08`8<=K6?7qq>?wiUoP06,0*03
!AIVDM,1,1,,A,13Hcrp3rh`PQhs<HumAJW8JH0<36,0*5D
!AIVDM,1,1,,A,13Hcrp370VPQhjVHum@JMpJv0<39,0*67
!AIVDM,1,1,,A,13K5O000000P`:vHt7ob?RMP0<2c,0*42
!AIVDM,1,1,,A,13K5O000000P`:tHt7qb?RJ@085U,0*7C
!AIVDM,1,1,,B,34hKPs50000P`9:Ht7snojPb0000,0*05
!AIVDM,1,1,,A,13K5O000000P`;HHt7pb?RMP08M2,0*48
!AIVDM,1,1,,A,13K5O000000P`;4Ht7or?RL@05Pd,0*6C
!AIVDM,1,1,,A,13K5O000000P`;JHt7n:?RLp0L2c,0*77
!AIVDM,1,1,,A,13K5O000000P`;THt7mJ?ROP05Pd,0*25
!AIVDM,2,2,1,B,000000000000000,2*26
!AIVDM,1,1,,A,13Hcrp32hVPQgO`HumKJc8Rv00T4,0*35
!AIVDM,1,1,,A,402Fh`1v`l<<a0SLqFI6PJ7005Ph,0*33
!AIVDM,1,1,,A,402Fh`1v`l<=10SLqFI6PJ7005Pl,0*66
!AIVDM,1,1,,A,13Ijia001E0QOVlHw61;wqTD0@5K,0*74
!AIVDM,1,1,,A,D02Fh`1RpN?b<`N01sDv000,2*4E
!AIVDM,1,1,,A,13Ijia001G0QOG8Hw78;waTr0<3A,0*6D
!AIVDM,1,1,,A,402Fh`1v`l<=a0SLqFI6PJ7000S:,0*66
!AIVDM,1,1,,A,13K5O000000P`;6Ht7oJ?RMR0HMR,0*13
!AIVDM,1,1,,A,13K5O000000P`;6Ht7n:?RL@0D2d,0*34
!AIVDM,1,1,,A,13Ijia001K0QNSVHw:Ucv9Tr08@w,0*3A
!AIVDM,1,1,,A,13K5O000000P`;:Ht7lb?RJp0@AC,0*04
!AIVDM,1,1,,A,13K5O000000P`;8Ht7n:?RMR0D2c,0*2E
!AIVDM,1,1,,A,33Hcrp350UPQfOjHumUJTHM`06Gk,0*7A
!AIVDM,1,1,,A,13K5O000000P`;LHt7mr?RJ@0@5J,0*2E
!AIVDM,1,1,,A,13Ijia001L0QMw:Hw=6L1qRD085K,0*4B
!AIVDM,1,1,,A,13Hcrp3;PTPQf=@HumWrL`M205Pt,0*1C
!AIVDM,2,1,2,A,53Hcrp82:EQLHM@t001@E@QU>38000000000001S1P=3461j084hAQE6,0*77
!AIVDM,1,1,,A,13Ijia001M0QMLHHw?Od09UR00Sf,0*4B
!AIVDM,1,1,,A,13K5O000000P`;dHt7kr?RMR0@MR,0*75
!AIVDM,1,1,,A,13K5O000000P`;pHt7k:?RL@0<2d,0*0F
!AIVDM,1,1,,A,13Hcrp31hVPQesfHumdJUHJF05Q0,0*4B
!AIVDM,1,1,,A,13K5O000000P`;pHt7l:?RLp08AC,0*68
!AIVDM,1,1,,A,13Hcrp36PUPQeijHumdrT8G200Rj,0*0D
!AIVDM,1,1,,A,402Fh`1v`l<@a0SLqFI6PJ700<6m,0*25
!AIVDM,1,1,,B,13Hcrp3sPWPQeeVHumf:a`KD00Rf,0*28
!AIVDM,1,1,,B,13Hcrp3r@VPQeTvHumh:fpH205Q4,0*11
!AIVDM,1,1,,A,13Hcrp34@VPQePJHumfbOpJF00SK,0*1D
!AIVDM,1,1,,A,13K5O000000P`;HHt7nJ?RLp05Q4,0*48
!AIVDM,1,1,,A,13Hcrp37PUPQeFlHumi:U8I00<3<,0*56
!AIVDM,2,2,3,A,000000000000000,2*27
!AIVDM,1,1,,A,402Fh`1v`l<B10SLqFI6PJ70080u,0*6D
!AIVDM,1,1,,A,13K5O000000P`;dHt7jb?RLp00S8,0*43
!AIVDM,1,1,,A,13K5O000000P`;BHt7lb?RMR05Q8,0*47
!AIVDM,1,1,,A,33K5O000000P`;:Ht7nJ?RL@06Vk,0*53
!AIVDM,2,1,4,A,54hKPs82G`E1`Lu;D01<4ThTpN0M84<D0000000U3@B26?8g06PCU2@Q,0*6A
!AIVDM,1,1,,A,402Fh`1v`l<CE0SLqFI6PJ700H<c,0*72
!AIVDM,1,1,,A,34hKPs50000P`9:Ht7tFujPb0000,0*33
!AIVDM,1,1,,B,13Ijia001I0QJJ4HwMFdB9m@00Ri,0*1C
!AIVDM,1,1,,A,13Ijia001J0QJBFHwN3dCamT08M:,0*19
!AIVDM,2,1,5,A,53K5O082FFIGTP7GGO4pvsV2222222222222220U1pI444j<N6hCU2@Q,0*60
!AIVDM,2,2,5,A,Dp8888888888880,2*15
!AIVDM,1,1,,B,13Ijia001J0QJ:bHwNk<Dal008Rt,0*75
!AIVDM,1,1,,A,13Ijia001K0QJ3bHwOKLDIlB0D2d,0*79
!AIVDM,1,1,,B,13Ijia001K0QIslHwP7tEIlT0@:a,0*72
!AIVDM,1,1,,A,402Fh`1v`l<DE0SLqFI6PJ700D6W,0*47
!AIVDM,1,1,,A,13K5O000000P`<2Ht7mJ?RLp0<2d,0*0C
!AIVDM,1,1,,A,402Fh`1v`l<Da0SLqFI6PJ700@HI,0*07
!AIVDM,1,1,,A,13Ijia001L0QIT4HwRC<EqmT05Q@,0*31
!AIVDM,1,1,,B,13Ijia001L0QIL@HwS1<EIl005QD,0*74
!AIVDM,1,1,,A,13Ijia001L0QIE<HwSbdC9lB0@5=,0*65
!AIVDM,1,1,,B,13Ijia001L0QI=DHwTHLD9lT0<2e,0*51
!AIVDM,1,1,,A,13Ijia0OiL0QI54HwU2<>atr05QD,0*51
!AIVDM,1,1,,B,33Ijia0OiK0QHuDHwUfLCJ7>0130,0*09
!AIVDM,1,1,,B,33Ijia0OiI0QHoJHwVE<Jb;N00p@,0*20
!AIVDM,1,1,,A,13Hcrp3r0WPQcOtHumm:T8CV0@Ne,0*57
!AIVDM,1,1,,B,13Ijia0OiE0QHgBHwWBL`:F000S?,0*75
!AIVDM,1,1,,B,13Hcrp34PVPQcJvHumkrPHB4081r,0*3D
!AIVDM,1,1,,A,13K5O000000P`;:Ht7mJ?RL@05QH,0*75
!AIVDM,1,1,,A,402Fh`1v`l<FE0SLqFI6PJ700<6W,0*3D
!AIVDM,2,1,6,B,54hN=v800001`M0oN20I84p<E<<60TV22222220U1`L806I@N4PCU2@Q,0*61
!AIVDM,1,1,,A,13K5O000000P`;>Ht7mr?RLp05QH,0*79
!AIVDM,1,1,,A,H02Fh`0ltq@F08TLptpD0000000,2*6F
!AIVDM,1,1,,A,13Ijia0Oi<0QHJfHwbu=::cR0D2U,0*17
!AIVDM,1,1,,A,13Hcrp36hUPQc4pHumg:H`?V0<39,0*59
!AIVDM,1,1,,A,13K5O000000P`;>Ht7o:?RL@00S7,0*7B
!AIVDM,1,1,,A,13Hcrp360UPQbjrHumVJ>p<v0D38,0*21
!AIVDM,1,1,,A,13Ijia00110QH<PHwgGMQbiR0@LG,0*6B
!AIVDM,1,1,,A,13K5O000000P`;THt7o:?RL@0<2c,0*28
!AIVDM,1,1,,A,402Fh`1v`l<HE0SLqFI6PJ7005QP,0*5A
!AIVDM,1,1,,A,402Fh`1v`l<Ha0SLqFI6PJ7000S:,0*13
!AIVDM,1,1,,A,402Fh`1v`l<I10SLqFI6PJ70080u,0*66
!AIVDM,1,1,,A,13K5O000000P`;4Ht7o:?RL@085G,0*6F
!AIVDM,1,1,,A,34hKPs50000P`96Ht7tW:BPd0000,0*4F
!AIVDM,1,1,,A,13Hcrp35hUPQau6Hum=bIH:v0<35,0*5D
!AIVDM,1,1,,A,B3Hf5KP08p8:d`6?6w5RowR5oP06,0*40
!AIVDM,1,1,,A,13Hcrp36@UPQal<Hum8JF`;V00SJ,0*5D
!AIVDM,1,1,,A,13K5O000000P`;THt7lr?RL@05Q`,0*0A
!AIVDM,1,1,,A,D02Fh`1RpN?b<`N01sDv000,2*4E
!AIVDM,1,1,,A,13K5O000000P`;THt7n:?RLp0D2d,0*66
!AIVDM,1,1,,A,B3Hf5KP08p8:gEV?7:tIWwRUoP06,0*48
!AIVDM,1,1,,A,33Hcrp38PTPQaHrHult:S8?`06HC,0*7C
!AIVDM,1,1,,A,13K5O000000P`;LHt7nb?RL@00SU,0*32
!AIVDM,1,1,,B,13K5O000000P`;PHt7p:?RLT05Qd,0*49
!AIVDM,1,1,,A,13K5O000000P`;THt7or?RLp0@AP,0*6C
!AIVDM,1,1,,A,13K5O000000P`;DHt7pb?RMP00So,0*0F
!AIVDM,1,1,,A,402Fh`1v`l<L10SLqFI6PJ700H0u,0*13
!AIVDM,1,1,,A,13K5O000000P`;VHt7oJ?RL@0H5j,0*20
!AIVDM,1,1,,A,402Fh`1v`l<LE0SLqFI6PJ700@<c,0*75
!AIVDM,1,1,,A,13K5O000000P`;<Ht7or?RLp0<2c,0*38
!AIVDM,1,1,,A,H02Fh`0ltq@F08TLptpD0000000,2*6F
!AIVDM,1,1,,A,13Hcrp3lhVPQ`SPHularR`C`08Nu,0*6E
!AIVDM,1,1,,B,D02Fh`02tN?b<`N00mtv000,2*07
!AIVDM,1,1,,A,13K5O000000P`:pHt7rJ?RLp08AP,0*14
!AIVDM,1,1,,A,402Fh`1v`l<N10SLqFI6PJ700@0u,0*19
!AIVDM,1,1,,A,402Fh`1v`l<NE0SLqFI6PJ7008<c,0*0F
!AIVDM,1,1,,A,13Hcrp3r@TPQWo6Hulf:b8G00HC=,0*71
!AIVDM,1,1,,B,13Hcrp3t0UPQWjRHulf:`pOD00RW,0*51
!AIVDM,1,1,,A,13Hcrp3q@TPQWf8HulhrfHK`00SR,0*1C
!AIVDM,1,1,,A,34hN=v5P000PWr8Ht9aW`gv40DrJ,0*6E
!AIVDM,2,2,7,A,Dp1TP0000000008,2*1A
!AIVDM,1,1,,A,13Ijia000I0QFoDI045<@9ft0@AK,0*2F
!AIVDM,1,1,,A,13K5O000000P`;NHt7q:?RNp00Rb,0*73
!AIVDM,1,1,,A,13K5O000000P`;2Ht7or?ROR0@MW,0*20
!AIVDM,1,1,,A,13Hcrp32@VPQWBFHulpJt8Q`0HOE,0*2C
!AIVDM,1,1,,A,402Fh`1v`l<P10SLqFI6PJ70080u,0*7F
!AIVDM,1,1,,A,13Ijia000F0QFfhI04lt<qfD0@5S,0*7C
!AIVDM,1,1,,B,402Fh`1v`l<P;0SLqFI6PJ7000S:,0*52
!AIVDM,1,1,,A,13Ijia000E0QFc4I058<=9ft0<2T,0*3E
!AIVDM,1,1,,A,B3Hf5KP0?p8;8Q6?<;h@gwRUoP06,0*4A
!AIVDM,1,1,,A,13Ijia000C0QFWjI05It<IgR0@Ll,0*07
!AIVDM,1,1,,B,13Ijia000B0QFV6I05T<@af00@Rp,0*38
!AIVDM,1,1,,A,13K5O000000P`;`Ht7qJ?RL@05R4,0*4C
!AIVDM,1,1,,A,13K5O000000P`;PHt7rJ?RNp0<2a,0*71
!AIVDM,1,1,,A,13Hcrp37hUPQVT@Hum4baHM00<3E,0*5F
!AIVDM,1,1,,A,13K5O000000P`;fHt7qb?ROR08MW,0*02
!AIVDM,1,1,,A,13Hcrp3:0VPQVK6Hum7JbHM`0@OE,0*18
!AIVDM,1,1,,A,13Ijia0Oh>0QFLHI06Dt1r0D085S,0*23
!AIVDM,1,1,,A,13Hcrp370WPQVAjHum9:V`PH05R8,0*00
!AIVDM,1,1,,B,13Hcrp37PVPQV=hHum<bi`Nb0H=1,0*51
!AIVDM,1,1,,A,13Ijia0Oh<0QFIBI06MckrBt05R8,0*29
!AIVDM,1,1,,A,33Ijia0Oh<0QFHfI06PcirI800qh,0*20
!AIVDM,1,1,,A,B3Hf5KP0=`8;Ce6?=adF?wRUoP06,0*1E
!AIVDM,1,1,,A,13K5O000000P`;RHt7qr?RMR05R8,0*59
!AIVDM,1,1,,B,13Hcrp370WPQUrfHumCbS`J405R<,0*7A
!AIVDM,1,1,,A,13Hcrp3shVPQUn6HumFrg`JH00Sb,0*2F
!AIVDM,1,1,,A,402Fh`1v`l<SE0SLqFI6PJ700@<c,0*6A
!AIVDM,1,1,,A,13K5O000000P`;<Ht7t:?RMR00RC,0*04
!AIVDM,2,2,8,B,000000000000000,2*2F
!AIVDM,1,1,,A,13K5O000000P`;@Ht7v:?RNB0@65,0*0B
!AIVDM,1,1,,B,13Hcrp3v0VPQUF2HumO:b8Fb0@=1,0*2A
!AIVDM,1,1,,A,13K5O000000P`;0Ht7sJ?RMP0HLh,0*30
!AIVDM,1,1,,A,13K5O000000P`;PHt7rr?RNB0<2b,0*78
!AIVDM,1,1,,A,402Fh`1v`l<UE0SLqFI6PJ7008<c,0*14
!AIVDM,1,1,,A,13Hcrp3o0`PQTm4HumWrkHDv0@Bo,0*34
!AIVDM,1,1,,A,13K5O000000P`;>Ht7rJ?RMP0D2b,0*47
!AIVDM,1,1,,A,402Fh`1v`l<V10SLqFI6PJ700<6T,0*5A
!AIVDM,1,1,,A,13K5O000000P`;THt7or?RLB0865,0*34
!AIVDM,1,1,,A,13Ijia00020QFGtI07h1F@Pt08A<,0*59
!AIVDM,1,1,,A,B3Hf5KP0<88;bFV?@C`COwR5oP06,0*6B
!AIVDM,1,1,,A,402Fh`1v`l<Va0SLqFI6PJ700<6T,0*0A
!AIVDM,1,1,,A,13K5O000000P`;<Ht7rr?RLB05RL,0*51
!AIVDM,1,1,,A,13Ijia00010QFG>I07biDhNt05RL,0*18
!AIVDM,1,1,,A,13Hcrp3t0VPQSk6HumVJL8?b0<3I,0*30
!AIVDM,1,1,,A,13Ijia00000QFHpI07ikFhLD05RP,0*7D
!AIVDM,1,1,,A,402Fh`1v`l<`E0SLqFI6PJ700H<c,0*51
!AIVDM,1,1,,A,13K5O000000P`;>Ht7s:?RLr0<2a,0*6E
!AIVDM,1,1,,A,402Fh`1v`l<`a0SLqFI6PJ7005RP,0*55
!AIVDM,1,1,,B,13Hcrp39PVPQSL4HumPJIpAF05RP,0*5B
!AIVDM,1,1,,A,402Fh`1v`l<a10SLqFI6PJ7000S:,0*6A
!AIVDM,1,1,,B,13Hcrp300VPQSCFHumLrG`@40<3H,0*76
!AIVDM,1,1,,A,13Hcrp32hVPQS>BHumL:E8@J088@,0*3D
!AIVDM,1,1,,A,402Fh`1v`l<aE0SLqFI6PJ700D6N,0*7B
!AIVDM,1,1,,A,13Ijia00000QFH>I07okFhMR0<2K,0*50
!AIVDM,1,1,,A,13K5O000000P`;THt7pb?RMP05RT,0*20
!AIVDM,1,1,,A,13Hcrp3m0VPQRspHumHJPH?b05RT,0*71
!AIVDM,1,1,,A,13K5O000000P`;FHt7oJ?RNB0<2a,0*48
!AIVDM,1,1,,A,402Fh`1v`l<bE0SLqFI6PJ700@<c,0*5B
!AIVDM,1,1,,A,402Fh`1v`l<ba0SLqFI6PJ700@HI,0*21
!AIVDM,1,1,,A,34hN=v5P000PWqRHt9Wo`gwj0E1J,0*14
!AIVDM,1,1,,B,13Hcrp38@WPQRKpHumBr`H@405Rd,0*75
!AIVDM,1,1,,A,D02Fh`1RpN?b<`N01sDv000,2*4E
!AIVDM,1,1,,A,402Fh`1v`l<cE0SLqFI6PJ700<6T,0*1B
!AIVDM,1,1,,A,13Hcrp3r0VPQR>0Hum>bW8C00@C<,0*68
!AIVDM,1,1,,A,34hFa=5000PP`oNHt<5pnIS28Deb,0*6F
!AIVDM,1,1,,B,13Hcrp3pPWPQR9DHum=bS8GD0@II,0*73
!AIVDM,1,1,,A,13K5O000000P`;LHt7qr?ROP0L2W,0*31
!AIVDM,1,1,,A,33Hcrp3thWPQQslHum?J`p8F014i,0*2F
!AIVDM,1,1,,A,D02Fh`1RpN?b<`N01sDv000,2*4E
!AIVDM,1,1,,B,13K5O000000P`;@Ht7sr?RO>0<2V,0*23
!AIVDM,1,1,,B,13Hcrp37PUPQQeVHum9bRp=D0<3G,0*44
!AIVDM,1,1,,B,402Fh`1v`l<dk0SLqFI6PJ700<7B,0*26
!AIVDM,1,1,,A,402Fh`1v`l<e10SLqFI6PJ7000S:,0*6E
!AIVDM,1,1,,A,13Hcrp3qPVPQQP<Hum5rSHDF0@7@,0*7C
!AIVDM,1,1,,A,D02Fh`1RpN?b<`N01sDv000,2*4E
!AIVDM,1,1,,A,13Hcrp3:PUPQQFfHum5:P`A008C<,0*18
!AIVDM,1,1,,B,13Hcrp3:@UPQQB:Hum5JcpAD08II,0*0B
!AIVDM,1,1,,A,402Fh`1v`l<f10SLqFI6PJ700@0u,0*31
!AIVDM,1,1,,A,13K5O000000P`;4Ht7r:?RN@0H5c,0*24
!AIVDM,1,1,,A,H3Hf5KPRm0iE>22222222222220,2*40
!AIVDM,1,1,,A,13K5O000000P`:tHt7pb?RNp0@A5,0*25
!AIVDM,1,1,,B,34hFa=5000PP`oPHt<5qSqS08Dg:,0*2E
!AIVDM,1,1,,A,402Fh`1v`l<fa0SLqFI6PJ7000S:,0*3D
!AIVDM,1,1,,B,13Hcrp3<@WPQPe>HuluJM8B4081c,0*2B
!AIVDM,1,1,,B,B3Hf5KP0<88<?96?F:`?Wwi5oP06,0*0D
!AIVDM,1,1,,A,D02Fh`1RpN?b<`N01sDv000,2*4E
!AIVDM,1,1,,A,402Fh`1v`l<gE0SLqFI6PJ700H<c,0*56
!AIVDM,1,1,,B,402Fh`1v`l<gO0SLqFI6PJ700D7e,0*5E
!AIVDM,1,1,,A,13Hcrp3;@VPQPOPHultbQpI000Sg,0*76
!AIVDM,1,1,,A,13Hcrp3q0VPQPF<Hulv:U8I`0<3I,0*2D
!AIVDM,2,1,2,B,54hFa=80?M?M`LQ3<004l85=<4@u80000000000U6@t994O:0:P@0000,0*7C
!AIVDM,1,1,,B,B3Hf5KP0;88<Cb6?FoHJowi5oP06,0*1D
!AIVDM,1,1,,A,13K5O000000P`;hHt7or?RN@0@5c,0*25
!AIVDM,1,1,,B,13Hcrp32hWPQOwNHum0b`pEB0HHp,0*12
!AIVDM,1,1,,A,13K5O000000P`;vHt7or?RL@0<2b,0*43
!AIVDM,1,1,,A,D02Fh`1RpN?b<`N01sDv000,2*4E
!AIVDM,1,1,,A,402Fh`1v`l<iE0SLqFI6PJ700@<c,0*50
!AIVDM,1,1,,A,13K5O000000P`<4Ht7nr?RNp05S4,0*0B
!AIVDM,1,1,,A,13Hcrp3p0`PQOW@Hum1bUHI20<3L,0*51
!AIVDM,1,1,,A,13Hcrp360WPQONHHum5:j8I`05S4,0*61
!AIVDM,1,1,,A,13K5O000000P`;rHt7oJ?RN@085c,0*7F
!AIVDM,1,1,,B,13Hcrp3n@VPQO@tHum7JT8@b0D3M,0*56
!AIVDM,1,1,,A,13K5O000000P`<0Ht7or?RNp00SC,0*7C
!AIVDM,1,1,,A,13K5O000000P`;hHt7or?ROP00T5,0*73
!AIVDM,1,1,,A,13Hcrp3<PVPQO2THum8J`8C`00SD,0*62
!AIVDM,1,1,,A,33Hcrp3lPWPQNp`Hum9rfpJJ03`S,0*35
!AIVDM,1,1,,B,13Hcrp3:PWPQNlrHum:rc8Jb0@=;,0*4C
!AIVDM,1,1,,A,13Hcrp3vhWPQNgDHum<bd8C205S<,0*52
!AIVDM,2,1,4,A,53Hcrp82:EQLHM@t001@E@QU>38000000000001S1P=3461j084hAQE6,0*71
!AIVDM,1,1,,A,402Fh`1v`l<ka0SLqFI6PJ7005S<,0*33
!AIVDM,1,1,,A,13Hcrp3t@VPQNV@Hum;rV8Ab0<3L,0*22
!AIVDM,1,1,,B,13Hcrp3lhVPQNR:Hum;bT8>40@1`,0*06
!AIVDM,1,1,,A,13K5O000000P`;JHt7qJ?RN@00SC,0*17
!AIVDM,1,1,,A,402Fh`1v`l<lE0SLqFI6PJ7005S@,0*6C
!AIVDM,1,1,,B,402Fh`1v`l<lO0SLqFI6PJ7000S:,0*1A
!AIVDM,1,1,,A,13Hcrp3m0WPQNCtHum;JS`C200SD,0*38
!AIVDM,1,1,,A,H02Fh`0ltq@F08TLptpD0000000,2*6F
!AIVDM,1,1,,A,13K5O000000P`;RHt7nb?ROR0<2b,0*67
!AIVDM,1,1,,A,D02Fh`1RpN?b<`N01sDv000,2*4E
!AIVDM,1,1,,A,13K5O000000P`;bHt7mr?RNp08A>,0*4C
!AIVDM,1,1,,A,B3Hf5KP0<`8<dCV?JS4DSwR5oP06,0*62
!AIVDM,1,1,,B,402Fh`1v`l<mk0SLqFI6PJ7005SD,0*44
!AIVDM,2,2,5,A,000000000000000,2*21
!AIVDM,1,1,,A,402Fh`1v`l<nE0SLqFI6PJ700@<c,0*57
!AIVDM,1,1,,A,B3Hf5KP0?H8<igV?KF`AkwS5oP06,0*1C
!AIVDM,1,1,,B,13Hcrp3qhVPQMILHulwJFpAB00T7,0*01
!AIVDM,1,1,,A,13Hcrp360VPQMCvHulv:F`?b00R>,0*1D
!AIVDM,1,1,,B,B3Hf5KP0>H8<lI6?KhDDGwi5oP06,0*4C
!AIVDM,1,1,,A,D02Fh`1RpN?b<`N01sDv000,2*4E
!AIVDM,1,1,,B,13Hcrp3<PVPQM70HulsbQp>b00S=,0*1F
!AIVDM,1,1,,A,13K5O000000P`<PHt7o:?RLp00T1,0*23
!AIVDM,1,1,,A,34hFa=5000PP`oPHt<5kEqS28Ddr,0*68
!AIVDM,1,1,,A,402Fh`1v`l<oa0SLqFI6PJ700@HI,0*2C
!AIVDM,1,1,,A,13K5O000000P`<RHt7oJ?RMR00S9,0*7D
!AIVDM,1,1,,A,13K5O000000P`<2Ht7p:?RL@00Rr,0*2B
!AIVDM,1,1,,A,402Fh`1v`l<pE0SLqFI6PJ7008<c,0*31
!AIVDM,1,1,,A,13K5O000000P`;tHt7pJ?RLr0L2a,0*27
!AIVDM,1,1,,A,402Fh`1v`l<pa0SLqFI6PJ700<6c,0*1B
!AIVDM,1,1,,A,13Hcrp3sPVPQLMbHulh:I`?V0<3M,0*18
!AIVDM,1,1,,A,13K5O000000P`<VHt7nr?RL@0D2`,0*1F
!AIVDM,1,1,,A,D02Fh`1RpN?b<`N01sDv000,2*4E
!AIVDM,1,1,,A,13Hcrp3nPVPQL:@Huler`p=20<3O,0*48
!AIVDM,1,1,,A,13K5O000000P`<HHt7or?RMR0<2`,0*6B
!AIVDM,1,1,,A,13Hcrp39@VPQKplHularI8>F0L3N,0*0D
!AIVDM,1,1,,A,D02Fh`1RpN?b<`N01sDv000,2*4E
!AIVDM,1,1,,A,402Fh`1v`l<ra0SLqFI6PJ7005S`,0*76
!AIVDM,1,1,,A,13Hcrp39hVPQKVHHulWbW8AV05S`,0*47
!AIVDM,1,1,,A,13K5O000000P`<0Ht7k:?RL@0<2b,0*4E
!AIVDM,1,1,,A,402Fh`1v`l<sE0SLqFI6PJ700@<c,0*4A
!AIVDM,1,1,,A,13Hcrp3uhWPQKBtHulR:KpA205Sd,0*4B
!AIVDM,1,1,,B,13Hcrp3p@WPQK5tHulPbRp>205`0,0*49
!AIVDM,1,1,,A,13Hcrp3q0VPQK1DHulOJMH<F0D3K,0*31
!AIVDM,1,1,,A,402Fh`1v`l=0E0SLqFI6PJ700<6Q,0*4C
!AIVDM,1,1,,A,13K5O000000P`;fHt7kr?RLr0<2b,0*65
!AIVDM,1,1,,A,13K5O000000P`<2Ht7k:?RMR00Ri,0*38
!AIVDM,1,1,,B,13Hcrp34PVPQJbHHulKbIpF200Su,0*7D
!AIVDM,1,1,,A,13K5O000000P`<6Ht7kJ?RL@05`4,0*35
!AIVDM,1,1,,A,D02Fh`1RpN?b<`N01sDv000,2*4E
!AIVDM,1,1,,A,13K5O000000P`;lHt7kJ?RLr08B5,0*74
!AIVDM,1,1,,A,33Hcrp36@VPQJInHulPJVH?:0190,0*28
!AIVDM,1,1,,B,33Hcrp3;PVPQJDJHulNJJ`=R00vP,0*71
!AIVDM,1,1,,A,14hQul0P00PP`KRHt9pv4?wf2L0R,0*1F
!AIVDM,1,1,,A,402Fh`1v`l=210SLqFI6PJ700D6S,0*40
!AIVDM,1,1,,A,B3q35T007H8Nso6?I;E@?wSUoP06,0*68
!AIVDM,1,1,,A,13Hcrp37hVPQJ:DHulJ:FH@F0<3N,0*5A
!AIVDM,1,1,,A,13Hcrp3p@UPQJ1<HulGrHH>v0D3N,0*38
!AIVDM,1,1,,B,13Hcrp3uhVPQIsbHulFJA`=F08Ii,0*00
!AIVDM,1,1,,A,33Hcrp38PVPQIoPHulGrR8=`06Mk,0*06
!AIVDM,1,1,,A,13Hcrp3qhVPQIfjHulDJM`>F087A,0*41
!AIVDM,1,1,,A,402Fh`1v`l=3E0SLqFI6PJ7000S:,0*4D
!AIVDM,1,1,,A,13K5O000000P`;dHt7k:?RLr00RC,0*62
!AIVDM,2,1,6,A,53Hcrp82:EQLHM@t001@E@QU>38000000000001S1P=3461j084hAQE6,0*73
!AIVDM,1,1,,B,13Hcrp3qhWPQIP4HulBJP8EF05`<,0*34
!AIVDM,1,1,,A,13Hcrp3nhVPQIKvHulBrT8E`00SG,0*27
!AIVDM,1,1,,B,13Hcrp36@VPQIFrHulBJN`F605`@,0*43
!AIVDM,1,1,,B,13Hcrp39hUPQI>>HulBJNHBd0<3S,0*64
!AIVDM,1,1,,A,13Hcrp37hVPQI:2HulCbaH@v0<3Q,0*76
!AIVDM,1,1,,A,13Hcrp3<@VPQHwtHulA:L8Gb0D3U,0*37
!AIVDM,1,1,,A,13K5O000000P`<:Ht7jb?RN@05`D,0*62
!AIVDM,1,1,,A,D02Fh`1RpN?b<`N01sDv000,2*4E
!AIVDM,1,1,,A,13K5O000000P`;rHt7jb?RLp0@A>,0*31
!AIVDM,1,1,,A,402Fh`1v`l=5a0SLqFI6PJ700D6K,0*0F
!AIVDM,1,1,,B,402Fh`1v`l=5k0SLqFI6PJ7005`D,0*2E
!AIVDM,1,1,,A,402Fh`1v`l=610SLqFI6PJ7005`H,0*78
!AIVDM,1,1,,A,13Hcrp3oh`PQHKJHulArRpBF0<3V,0*3C
!AIVDM,1,1,,A,13K5O000000P`<THt7jJ?RLp0<2`,0*69
!AIVDM,1,1,,B,13Hcrp3l@`PQH<<Hul@bT`AD0@I5,0*76
!AIVDM,1,1,,A,13Hcrp3nh`PQH6jHul?JI`Cb0<3T,0*0A
!AIVDM,2,1,7,A,54hKPs82G`E1`Lu;D01<4ThTpN0M84<D0000000U3@B26?8g06PCU2@Q,0*69
!AIVDM,1,1,,A,13Hcrp3n@aPQGunHul?:L8<F087K,0*02
!AIVDM,1,1,,B,13Hcrp3l@aPQGpNHul>JMp@d00S8,0*5F
!AIVDM,1,1,,A,13K5O000000P`<6Ht7lJ?RNp08A>,0*26
!AIVDM,1,1,,A,34hFa=5000PP`oJHt<5n7IS28DTJ,0*35
!AIVDM,1,1,,A,13Hcrp3shbPQGa4Hul>rSpCb08OS,0*5F
!AIVDM,1,1,,B,402Fh`1v`l=8;0SLqFI6PJ700<6Q,0*39
!AIVDM,1,1,,A,B3IIQ7P0=@8;7g6?6JvU?wW1hD1i,0*73
!AIVDM,1,1,,A,13Hcrp3mPaPQG;LHul;rR`Ab05`P,0*6F
!AIVDM,1,1,,A,13K5O000000P`<PHt7jJ?RL@0<2`,0*5D
!AIVDM,1,1,,A,13K5O000000P`<VHt7jb?RNp00S<,0*70
!AIVDM,1,1,,B,13Hcrp3r0aPQFkBHul;JU`KD05`T,0*5B
!AIVDM,1,1,,B,13Hcrp3m0aPQFaLHul=:WpF405``,0*6D
!AIVDM,1,1,,A,13Hcrp35haPQFT0Hul;rH`HJ0@8@,0*1B
!AIVDM,1,1,,B,13Hcrp3ohaPQFOVHul?bd`Dd0D3U,0*3F
!AIVDM,1,1,,A,13Hcrp3s0aPQFJfHul=JHpG005``,0*1B
!AIVDM,1,1,,B,13Hcrp3r@aPQFElHul@rbpGD00Sg,0*46
!AIVDM,1,1,,A,13Hcrp3shaPQF@rHul@bU8I`0@O6,0*0F
!AIVDM,1,1,,A,13K5O000000P`<jHt7mJ?RL@05`d,0*3F
!AIVDM,1,1,,B,13Hcrp36P`PQF2:HulDbapHd0@=`,0*13
!AIVDM,1,1,,A,402Fh`1v`l=;a0SLqFI6PJ700@HI,0*79
!AIVDM,2,1,8,B,54hFa=80?M?M`LQ3<004l85=<4@u80000000000U6@t994O:0:P@0000,0*76
!AIVDM,1,1,,A,402Fh`1v`l=<10SLqFI6PJ7000S:,0*36
!AIVDM,1,1,,A,13Hcrp3oPaPQEa6HulKJb`DJ088@,0*5F
!AIVDM,1,1,,A,402Fh`1v`l=<E0SLqFI6PJ7005`h,0*26
!AIVDM,1,1,,A,13K5O000000P`<BHt7lb?RNp0<2`,0*53
!AIVDM,1,1,,B,13Hcrp3nhaPQEJHHulMbcpIF0@Ib,0*25
!AIVDM,1,1,,B,D02Fh`02tN?b<`N00mtv000,2*07
!AIVDM,1,1,,A,13Hcrp3v@`PQE;dHulNbTpDJ05`l,0*2D
!AIVDM,1,1,,A,402Fh`1v`l==E0SLqFI6PJ7000S:,0*43
!AIVDM,1,1,,A,13Hcrp320`PQE2NHulNrP8E00D3Q,0*02
!AIVDM,1,1,,A,34hFa=5000PP`oLHt<5aqIS08De:,0*39
!AIVDM,1,1,,A,13Hcrp3oh`PQDplHulOJTHI`05`l,0*68
!AIVDM,1,1,,A,402Fh`1v`l=>10SLqFI6PJ700<6S,0*34
!AIVDM,1,1,,A,13Hcrp38P`PQDfbHulPrV`HJ00Re,0*07
!AIVDM,1,1,,A,D02Fh`1RpN?b<`N01sDv000,2*4E
!AIVDM,1,1,,A,13K5O000000P`<<Ht7mb?RNp05`p,0*67
!AIVDM,1,1,,A,13Hcrp3sP`PQDUNHulP:IpI00@C`,0*0B
!AIVDM,1,1,,A,13Hcrp3phaPQDK`HulPbP8I`00RW,0*0E
!AIVDM,1,1,,A,402Fh`1v`l=?10SLqFI6PJ70080u,0*11
!AIVDM,1,1,,A,33Hcrp3p0aPQDAtHulOrRHFH03e3,0*40
!AIVDM,1,1,,A,D02Fh`1RpN?b<`N01sDv000,2*4E
!AIVDM,1,1,,A,13K5O000000P`;tHt7jJ?RNp00S?,0*7E
!AIVDM,1,1,,A,13Hcrp360`PQD8BHulNJR`E00<3R,0*18
!AIVDM,2,2,9,A,H12Dm8<;=H3S@00,2*15
!AIVDM,1,1,,A,402Fh`1v`l=?a0SLqFI6PJ7000S:,0*65
!AIVDM,1,1,,A,402Fh`1v`l=@10SLqFI6PJ7005a0,0*77
!AIVDM,1,1,,B,13Hcrp35@`PQCr6HulLrW`J20<3S,0*62
!AIVDM,1,1,,A,13K5O000000P`<bHt7lr?RNp0HAE,0*41
!AIVDM,1,1,,A,13Hcrp350`PQCbtHulLJWpO008C`,0*2B
!AIVDM,1,1,,A,13Hcrp3o@`PQCQjHulKrN`GV0HNS,0*3A
!AIVDM,1,1,,B,13Hcrp3q@aPQCLnHulLJS`D2081R,0*74
!AIVDM,1,1,,B,13Hcrp3nPaPQCBRHulI:LHDd0@=C,0*38
!AIVDM,1,1,,A,13K5O000000P`<6Ht7lr?RLp0D2R,0*7F
!AIVDM,1,1,,A,402Fh`1v`l=Aa0SLqFI6PJ7008HI,0*7B
!AIVDM,1,1,,B,13Hcrp3tPaPQC8dHulGrP8GD0HI<,0*64
!AIVDM,2,1,1,A,54hFa=80?M?M`LQ3<004l85=<4@u80000000000U6@t994O:0:P@0000,0*7C
!AIVDM,1,1,,A,13K5O000000P`<jHt7jb?RL@0@5E,0*11
!AIVDM,1,1,,A,D02Fh`1RpN?b<`N01sDv000,2*4E
!AIVDM,1,1,,A,13K5O000000P`<BHt7l:?RLp0@AE,0*23
!AIVDM,1,1,,A,B3Hf5KP0@88;BPV??:muWwSUoP06,0*65
!AIVDM,1,1,,B,13Hcrp36@aPQBc6Hul@bK8KD0D3T,0*20
!AIVDM,1,1,,A,13Hcrp3lPbPQBVVHul@rQpGV0@NS,0*1D
!AIVDM,1,1,,A,33K5O000000P`<8Ht7k:?RL@06ak,0*14
!AIVDM,1,1,,A,14hQul0P00PP`KnHt9oN4?vL25a<,0*69
!AIVDM,1,1,,B,13Hcrp3nhaPQBGFHul>:R`Fd08=C,0*2B
!AIVDM,1,1,,A,13Hcrp37haPQBBHHul;rKHI00HCR,0*42
!AIVDM,1,1,,B,13Hcrp3o@aPQB=FHul:rMpGD0@I<,0*69
!AIVDM,1,1,,A,402Fh`1v`l=D10SLqFI6PJ700@0u,0*12
!AIVDM,1,1,,A,13K5O000000P`<@Ht7k:?RL@085E,0*1A
!AIVDM,1,1,,A,D02Fh`1RpN?b<`N01sDv000,2*4E
!AIVDM,1,1,,A,13K5O000000P`<`Ht7ir?RLp08AE,0*34
!AIVDM,1,1,,A,B3Hf5KP07`8;8:V?>A><SwRUoP06,0*3F
!AIVDM,1,1,,A,13K5O000000P`<6Ht7m:?RMR0@MV,0*6A
!AIVDM,1,1,,B,33Hcrp3n@`PQAVFHul1rP`D40573,0*72
!AIVDM,1,1,,A,13Hcrp3s0`PQAQRHukwJH`HH00SE,0*0B
!AIVDM,1,1,,A,13K5O000000P`;pHt7mJ?RLp05aD,0*33
!AIVDM,1,1,,B,13Hcrp37@`PQAC2Hukt:I`GD08I<,0*54
!AIVDM,1,1,,B,13Hcrp38h`PQA9DHukrrMHL40@1`,0*3A
!AIVDM,1,1,,B,13Hcrp3vhWPQA0@HukrrS8Jb0<3R,0*3C
!AIVDM,1,1,,A,13Hcrp3n@`PQ@rtHukqrMpG00<3Q,0*46
!AIVDM,1,1,,A,13Hcrp32h`PQ@ifHuknbE`GV00SR,0*25
!AIVDM,1,1,,A,13Hcrp3v0aPQ@WTHukkJJpJH087v,0*5D
!AIVDM,1,1,,A,402Fh`1v`l=GE0SLqFI6PJ7008<c,0*07
!AIVDM,1,1,,A,13K5O000000P`;nHt7ir?RLr0<2Q,0*5C
!AIVDM,1,1,,A,402Fh`1v`l=Ga0SLqFI6PJ7005aL,0*5C
!AIVDM,1,1,,A,13K5O000000P`<BHt7mr?RMR0HMU,0*5D
!AIVDM,1,1,,B,13Hcrp35h`PQ@?RHukf:S8J4081`,0*6A
!AIVDM,1,1,,A,13K5O000000P`;RHt7k:?RLB0H68,0*03
!AIVDM,1,1,,A,D02Fh`1RpN?b<`N01sDv000,2*4E
!AIVDM,1,1,,A,13K5O000000P`<2Ht7l:?RNr08Ae,0*0B
!AIVDM,1,1,,A,B3Hf5KP0<p8:p66?<=f2WwRUoP06,0*2D
!AIVDM,1,1,,B,33Hcrp3qh`PQ?t`HukdbO`;B020h,0*30
!AIVDM,1,1,,A,13Hcrp3r0WPQ?oNHukUr6Ws`0@Ns,0*7A
!AIVDM,1,1,,B,13Hcrp3phWPQ?jrHukNaqof405aT,0*51
!AIVDM,2,2,2,B,Dp1TP0000000008,2*1C
!AIVDM,1,1,,A,34hKPs50000P`9>Ht7uDr2Pd0000,0*6D
!AIVDM,1,1,,A,13Hcrp3rP`PQ?V8HujqIGGM000Rs,0*1F
!AIVDM,1,1,,A,B3I`3?008p8<PBV?FElB3wjUoP06,0*2A
!AIVDM,1,1,,A,402Fh`1v`l=Ia0SLqFI6PJ700<7S,0*12
!AIVDM,1,1,,A,13Hcrp34hWPQ?N4HujLaE7C`0<3H,0*2D
!AIVDM,1,1,,B,13Hcrp3m0WPQ?J<Huj;q<W>400SU,0*05
!AIVDM,1,1,,A,33Hcrp3nP`PQ?C8Huiba4G2b00`0,0*03
!AIVDM,1,1,,A,13Hcrp3q@WPQ??RHuiDpqVu00L3G,0*01
!AIVDM,1,1,,A,402Fh`1v`l=Ja0SLqFI6PJ7008HI,0*70
!AIVDM,1,1,,B,33Hcrp3p0`PQ?9rHuhjHn6qR0000,0*66
!AIVDM,1,1,,B,13Hcrp3s@WPQ?5hHuhI8lW040L3F,0*28
!AIVDM,1,1,,A,D02Fh`1RpN?b<`N01sDv000,2*4E
!AIVDM,1,1,,B,13Hcrp3t@WPQ>q>Hug<paVqB00S=,0*52
!AIVDM,1,1,,A,13Hcrp3pP`PQ>hFHuf<HPFbF0<3A,0*0C
!AIVDM,1,1,,B,13Hcrp3thWPQ>ebHuek8BnRd0D3A,0*59
!AIVDM,1,1,,B,33Hcrp380VPQ>bTHueE8;FK601vP,0*6A
!AIVDM,1,1,,A,33Hcrp3u@WPQ>apHue=p<6K<012h,0*43
!AIVDM,1,1,,B,13Hcrp37@WPQ>aJHue684VKB0@Hl,0*60
!AIVDM,1,1,,A,13Hcrp3nhVPQ>VvHuddH7VE`00Rw,0*65
!AIVDM,1,1,,A,33Hcrp3qhVPQ>UtHudJWo6An0000,0*5F
!AIVDM,1,1,,A,D02Fh`1RpN?b<`N01sDv000,2*4E
!AIVDM,1,1,,B,33Hcrp37PVPQ>QJHuc>Gfn6r00wh,0*5E
!AIVDM,1,1,,B,33Hcrp3:hVPQ>PdHubt7UF?801r0,0*7B
!AIVDM,1,1,,B,33Hcrp370WPQ>LrHub=p7Fmf020h,0*5C
!AIVDM,2,2,3,A,000000000000000,2*27
!AIVDM,1,1,,A,13Hcrp37hVPQ>H2Huafpdo@F05ap,0*21
!AIVDM,1,1,,A,33Hcrp3p0VPQ>EPHuaRpoo>T010P,0*75
!AIVDM,1,1,,B,33Hcrp3mPWPQ>AJHua@a1W0r00t0,0*7C
!AIVDM,1,1,,B,33Hcrp3oPWPQ>?DHua5`w6s601v0,0*59
!AIVDM,1,1,,B,13Hcrp36@VPQ>=DHu`r`v6oB08Hl,0*55
!AIVDM,1,1,,B,33Hcrp3t0VPQ>;4Hu`aHVnmR00th,0*72
!AIVDM,1,1,,B,13Hcrp39@VPQ>72Hu`?pd6n40<3<,0*31
!AIVDM,1,1,,A,13Hcrp3m@WPQ>4HHuWt`VFjF00Sp,0*66
!AIVDM,1,1,,A,D02Fh`1RpN?b<`N01sDv000,2*4E
!AIVDM,1,1,,B,13Hcrp37@VPQ>14HuWV`a6jd08=c,0*75
!AIVDM,1,1,,B,13Hcrp36PWPQ=sNHuVupLViB05at,0*42
!AIVDM,1,1,,B,13Hcrp390WPQ=mLHuV@8L6f40823,0*4C
!AIVDM,1,1,,A,402Fh`1v`l=PE0SLqFI6PJ700@<c,0*68
!AIVDM,1,1,,A,13Hcrp33PWPQ=e0HuU<pLFa005b0,0*4B
!AIVDM,1,1,,A,13Hcrp3phWPQ=`4HuTQ8GFWV05b0,0*4E
!AIVDM,1,1,,A,13Hcrp32hWPQ=RJHuSfHJVVJ0<2v,0*1F
!AIVDM,1,1,,A,13Hcrp330WPQ=MNHuS38L6c000Sc,0*29
!AIVDM,1,1,,B,13Hcrp3shWPQ=K6HuRg8KnWB0L2t,0*0A
!AIVDM,1,1,,B,13Hcrp3vhWPQ=E`HuQvpKn`400Ra,0*45
!AIVDM,1,1,,A,D02Fh`1RpN?b<`N01sDv000,2*4E
!AIVDM,1,1,,B,13Hcrp3pP`PQ=@rHuQB`C6Vb0D2q,0*4B
!AIVDM,1,1,,B,34hFa=5000PP`oPHt<5PtIS28DiJ,0*6C
!AIVDM,1,1,,A,13Hcrp3q0WPQ=90HuP;`@nc`0D2o,0*2F
!AIVDM,1,1,,B,13Hcrp3v@WPQ=6HHuOopKF`20L2n,0*0C
!AIVDM,1,1,,B,13Hcrp3p@WPQ=0vHuO;`JnRb0@=9,0*69
!AIVDM,1,1,,A,402Fh`1v`l=Sa0SLqFI6PJ7000S:,0*09
!AIVDM,1,1,,B,13Hcrp380VPQ<kLHuLwH4nNb0<2l,0*13
!AIVDM,1,1,,B,402Fh`1v`l=Tk0SLqFI6PJ7008N@,0*68
!AIVDM,1,1,,A,402Fh`1v`l=U10SLqFI6PJ70080u,0*7B
!AIVDM,1,1,,B,D02Fh`02tN?b<`N00mtv000,2*07
!AIVDM,1,1,,A,D02Fh`1RpN?b<`N01sDv000,2*4E
!AIVDM,1,1,,B,13Hcrp3oPWPQ<UNHuJlp;nNb08=9,0*6D
!AIVDM,1,1,,A,13Hcrp32hWPQ<RjHuJGp6FM205bD,0*5A
!AIVDM,1,1,,A,402Fh`1v`l=Ua0SLqFI6PJ700D6v,0*52
!AIVDM,1,1,,A,13Hcrp3s0`PQ<NDHuIb8?FG`08OE,0*58
!AIVDM,1,1,,B,402Fh`1v`l=V;0SLqFI6PJ7005bH,0*13
!AIVDM,1,1,,A,D02Fh`1RpN?b<`N01sDv000,2*4E
!AIVDM,1,1,,B,402Fh`1v`l=VO0SLqFI6PJ7005bH,0*67
!AIVDM,1,1,,B,402Fh`1v`l=Vk0SLqFI6PJ7000S:,0*05
!AIVDM,1,1,,A,402Fh`1v`l=W10SLqFI6PJ7000S:,0*5D
!AIVDM,1,1,,A,13Hcrp3q@WPQ<<tHuF``:6DH05bL,0*7D
!AIVDM,1,1,,B,402Fh`1v`l=WO0SLqFI6PJ7000S:,0*20
!AIVDM,1,1,,B,402Fh`1v`l=Wk0SLqFI6PJ700HN@,0*1B
!AIVDM,1,1,,B,402Fh`1v`l=`O0SLqFI6PJ700HBR,0*16
!AIVDM,1,1,,B,402Fh`1v`l=`k0SLqFI6PJ700D71,0*28
!AIVDM,1,1,,B,402Fh`1v`l=a;0SLqFI6PJ700@6l,0*21
!AIVDM,1,1,,B,402Fh`1v`l=aO0SLqFI6PJ700D76,0*0A
!AIVDM,2,1,4,A,54hFa=80?M?M`LQ3<004l85=<4@u80000000000U6@t994O:0:P@0000,0*79
!AIVDM,1,1,,B,402Fh`1v`l=b;0SLqFI6PJ700<7<,0*0F
!AIVDM,1,1,,B,402Fh`1v`l=bO0SLqFI6PJ700@BR,0*1C
!AIVDM,1,1,,A,34hFa=5000PP`oRHt<5@:9S28DWb,0*55
!AIVDM,1,1,,A,D02Fh`1RpN?b<`N01sDv000,2*4E
!AIVDM,1,1,,A,13Hcrp35PWPQ;:FHu7mGqF4v0D31,0*69
!AIVDM,1,1,,A,13Hcrp360WPQ;1PHu5IGkV4v0@C7,0*49
!AIVDM,1,1,,A,13Hcrp370`PQ:vhHu4Q7WV3`00S0,0*22
!AIVDM,1,1,,A,13Hcrp3th`PQ:snHu3fGhn4F0D2v,0*0F
!AIVDM,1,1,,B,13Hcrp3nh`PQ:rFHu3CGj64b0H=4,0*25
!AIVDM,1,1,,B,13Hcrp35h`PQ:o>Hu2K7dF5D05bt,0*59
!AIVDM,2,1,5,B,54hFa=80?M?M`LQ3<004l85=<4@u80000000000U6@t994O:0:P@0000,0*7B
!AIVDM,1,1,,A,13Hcrp38P`PQ:jbHu1>Gq66F0@7>,0*3E
!AIVDM,1,1,,A,13Hcrp3qPaPQ:VnHturWVn2v05c4,0*3F
!AIVDM,1,1,,A,13Hcrp36@`PQ:MhHtsJ7hn6v00SB,0*53
!AIVDM,1,1,,A,33Hcrp350`PQ:GTHtqgWhn4F041S,0*1E
!AIVDM,2,1,6,A,53Hcrp82:EQLHM@t001@E@QU>38000000000001S1P=3461j084hAQE6,0*73
!AIVDM,1,1,,B,13Hcrp3p@aPQ:C4HtpOGk65B0@Hd,0*12
!AIVDM,1,1,,A,13Hcrp32h`PQ:>NHto?GfV6F00T:,0*4A
!AIVDM,1,1,,A,13Hcrp3t@`PQ:;DHtnGWgF500HC?,0*4C
!AIVDM,1,1,,A,402Fh`1v`l=la0SLqFI6PJ700HHI,0*26
!AIVDM,1,1,,A,13Hcrp3r0aPQ:8HHtmQ7fV5`0D2t,0*36
!AIVDM,1,1,,A,13Hcrp3q0`PQ:54Htl`oin4J0@8>,0*75
!AIVDM,1,1,,A,13Hcrp3q@aPQ:1rHtkmGlF500D2q,0*73
!AIVDM,1,1,,A,13Hcrp370aPQ9vhHtjvWg67`0@O;,0*0B
!AIVDM,1,1,,A,13Hcrp3p@aPQ9s>Htj6GlF0J0<2n,0*3D
!AIVDM,1,1,,B,13Hcrp39P`PQ9r@HtihGbF4b0@=5,0*4E
!AIVDM,1,1,,B,13Hcrp3r@bPQ9o0HthqWk67B05cH,0*7E
!AIVDM,1,1,,B,D02Fh`02tN?b<`N00mtv000,2*07
!AIVDM,1,1,,A,34hFa=5vh0PP`oRHt<5``IS28DOb,0*59
!AIVDM,1,1,,A,13Hcrp3oP`PQ9WNHte5H2F0J05cP,0*5C
!AIVDM,1,1,,B,13Hcrp35h`PQ9VJHtdgGjV2b08=5,0*30
!AIVDM,1,1,,A,402Fh`1v`l=pa0SLqFI6PJ7008HI,0*4A
!AIVDM,1,1,,B,33Hcrp38PaPQ9OLHtc5oln:205IC,0*0D
!AIVDM,1,1,,A,13Hcrp340`PQ9M4HtbW7sn:J00Rf,0*7C
!AIVDM,1,1,,B,13Hcrp39@`PQ9KjHtbAGi6<b05cT,0*56
!AIVDM,1,1,,B,13Hcrp3p0bPQ9GLHtaI7wF=D0@I?,0*41
!AIVDM,1,1,,B,13Hcrp3o0aPQ9CJHt`WH7F<205c`,0*08
!AIVDM,1,1,,B,13Hcrp3oPbPQ9?PHtWiGq68b00Sw,0*4B
!AIVDM,1,1,,B,34hFa=5000PP`oRHt<5o2IS28DVb,0*00
!AIVDM,1,1,,A,13Hcrp3r0aPQ99HHtVRWu6=V0L2t,0*29
!AIVDM,1,1,,A,13Hcrp3nPbPQ94JHtUdH@V@H0@7j,0*52
!AIVDM,1,1,,A,13Hcrp3r@bPQ90:HtTo7v6900D2s,0*10
!AIVDM,1,1,,B,13Hcrp300bPQ8vBHtTKWqF9D08I?,0*12
!AIVDM,2,1,7,B,54hFa=80?M?M`LQ3<004l85=<4@u80000000000U6@t994O:0:P@0000,0*79
!AIVDM,1,1,,B,13Hcrp3r0bPQ8r@HtSUWv6>40<2t,0*7B
!AIVDM,1,1,,A,402Fh`1v`l>0E0SLqFI6PJ7008<c,0*73
!AIVDM,1,1,,B,13Hcrp3ohWPQ8j@HtQtos69D05h0,0*6D
!AIVDM,1,1,,B,13Hcrp3q0UPQ8fTHtQ=H36<4081W,0*59
!AIVDM,1,1,,A,13Hcrp38PUPQ8`nHtP784F=00<2s,0*65
!AIVDM,1,1,,A,13Hcrp37PVPQ8UPHtOI7pn=V0@NS,0*26
!AIVDM,1,1,,B,13Hcrp3q@UPQ8S<HtNw`4V:405h8,0*53
!AIVDM,1,1,,A,402Fh`1v`l>2E0SLqFI6PJ7000S:,0*4F
!AIVDM,1,1,,A,13Hcrp3rhVPQ8MTHtMop5F?008Cf,0*6D
!AIVDM,1,1,,A,13Hcrp36PTPQ8ItHtM;H46;V0<2w,0*2C
!AIVDM,1,1,,A,13Hcrp39@VPQ8F:HtLGovV@H00SC,0*34
!AIVDM,1,1,,A,33Hcrp33hWPQ8B8HtKVp2V;001:C,0*35
!AIVDM,1,1,,A,402Fh`1v`l>410SLqFI6PJ7005h@,0*79
!AIVDM,1,1,,A,13Hcrp32@WPQ8:LHtJ4H16:H0L2w,0*12
!AIVDM,1,1,,A,13Hcrp3thVPQ82lHtHU83n;V05h@,0*17
!AIVDM,1,1,,B,13Hcrp3vhWPQ80`HtH6ouF:6082C,0*76
!AIVDM,1,1,,A,D02Fh`1RpN?b<`N01sDv000,2*4E
!AIVDM,1,1,,B,13Hcrp340WPQ7q@HtFTWsn=D00SH,0*6F
!AIVDM,2,1,8,A,54hFa=80?M?M`LQ3<004l85=<4@u80000000000U6@t994O:0:P@0000,0*75
!AIVDM,1,1,,A,402Fh`1v`l>610SLqFI6PJ700D6e,0*71
!AIVDM,1,1,,A,13Hcrp3thWPQ7kDHtEIWsV>H0D2s,0*6D
!AIVDM,1,1,,B,13Hcrp3r0WPQ7iNHtE2ovV<b0<2s,0*2E
!AIVDM,1,1,,B,13Hcrp380WPQ7eDHtD>7un=D0HIS,0*04
!AIVDM,1,1,,B,13Hcrp37hWPQ7aFHtCHoq6<600Rq,0*12
!AIVDM,1,1,,A,13Hcrp340`PQ7WJHtC27vF<H0@7s,0*7B
!AIVDM,1,1,,B,13Hcrp38P`PQ7U`HtBcGw6<b08=9,0*7F
!AIVDM,1,1,,A,34hFa=5000PP`oRHt<64haS08Deb,0*18
!AIVDM,1,1,,B,D02Fh`02tN?b<`N00mtv000,2*07
!AIVDM,1,1,,A,13Hcrp3s0WPQ7K0Ht@dGvF<H0<2w,0*35
!AIVDM,1,1,,A,402Fh`1v`l>8E0SLqFI6PJ7005hP,0*11
!AIVDM,1,1,,A,13Hcrp380WPQ7FjHt?s836=00@CP,0*58
!AIVDM,1,1,,B,33Hcrp3phWPQ7@THt>iH46>405RC,0*6D
!AIVDM,1,1,,A,402Fh`1v`l>9E0SLqFI6PJ7000S:,0*44
!AIVDM,1,1,,A,402Fh`1v`l>9a0SLqFI6PJ7000S:,0*60
!AIVDM,1,1,,B,13Hcrp39hVPQ73lHt<R876:405h`,0*3B
!AIVDM,1,1,,A,13Hcrp37hWPQ71bHt<9H:V<H05h`,0*37
!AIVDM,1,1,,B,13Hcrp3s0WPQ6wPHt;ep4F<f0D31,0*75
!AIVDM,1,1,,B,34hFa=5000PP`oRHt<6I?aS08Dir,0*2D
!AIVDM,1,1,,B,13Hcrp340`PQ6s`Ht:vGvV9D08IS,0*05
!AIVDM,1,1,,A,13Hcrp370WPQ6qtHt:`GtF9V0HNf,0*70
!AIVDM,1,1,,A,402Fh`1v`l>;E0SLqFI6PJ700D6v,0*1B
!AIVDM,1,1,,A,402Fh`1v`l>;a0SLqFI6PJ700<70,0*00
!AIVDM,1,1,,A,D02Fh`1RpN?b<`N01sDv000,2*4E
!AIVDM,1,1,,B,13Hcrp38hVPQ6NpHt5`7qn<2081H,0*0C
!AIVDM,1,1,,A,402Fh`1v`l>=E0SLqFI6PJ700<6r,0*61
!AIVDM,1,1,,A,402Fh`1v`l>>10SLqFI6PJ700@0u,0*6B
!AIVDM,1,1,,A,13Hcrp38hWPQ6<2Ht29Wv6=008Cd,0*02
!AIVDM,1,1,,B,402Fh`1v`l>>k0SLqFI6PJ7000S:,0*6E
!AIVDM,1,1,,B,13Hcrp3r0WPQ65lHt138;n:200St,0*3A
!AIVDM,1,1,,A,33Hcrp300WPQ63pHt0WWwV:H048C,0*3F
!AIVDM,1,1,,B,13Hcrp3p0`PQ61LHt0<84F>f00RB,0*65
!AIVDM,1,1,,B,13Hcrp3qhWPQ5uRHswK7t6;F0<31,0*61
!AIVDM,1,1,,B,13Hcrp36hWPQ5qHHsvb81n>60D30,0*0E
!AIVDM,1,1,,B,402Fh`1v`l>@;0SLqFI6PJ7000S:,0*40
!AIVDM,1,1,,A,D02Fh`1RpN?b<`N01sDv000,2*4E
!AIVDM,1,1,,B,13Hcrp3uhWPQ5mVHsuu83F:b0H==,0*2E
!AIVDM,1,1,,A,H02Fh`0ltq@F08TLptpD0000000,2*6F
!AIVDM,1,1,,B,402Fh`1v`l>@k0SLqFI6PJ700@N@,0*07
!AIVDM,1,1,,B,13Hcrp31h`PQ5djHstBp8V>60@2:,0*5D
!AIVDM,1,1,,A,13Hcrp37PaPQ5blHsspWwV>J0H89,0*41
!AIVDM,1,1,,A,13Hcrp3v@WPQ5V`Hss7Gu6?20@Cr,0*6A
!AIVDM,1,1,,A,13Hcrp320WPQ5R@HsrF84F=b0D2t,0*65
!AIVDM,1,1,,A,13Hcrp32h`PQ5EpHsow`46=b0@OU,0*71
!AIVDM,1,1,,B,402Fh`1v`l>C;0SLqFI6PJ70086l,0*78
!AIVDM,1,1,,A,D02Fh`1RpN?b<`N01sDv000,2*4E
!AIVDM,1,1,,A,34hFa=5000PP`oRHt<6;`9S08Dib,0*4B
!AIVDM,1,1,,A,402Fh`1v`l>D10SLqFI6PJ700<7K,0*54
!AIVDM,1,1,,A,13Hcrp31@`PQ54rHslo7vF:J0<2r,0*5E
!AIVDM,1,1,,B,B3IAPHP0@88<gDV?JsV>Owi5oP06,0*1E
!AIVDM,1,1,,A,13Hcrp36@WPQ4tLHskCp76=b08OU,0*3D
!AIVDM,1,1,,B,402Fh`1v`l>E;0SLqFI6PJ7000S:,0*45
!AIVDM,1,1,,B,402Fh`1v`l>Ek0SLqFI6PJ700D7G,0*78
!AIVDM,1,1,,A,D02Fh`1RpN?b<`N01sDv000,2*4E
!AIVDM,1,1,,B,34hFa=5000PP`oTHt<690aS08Dmb,0*40
!AIVDM,1,1,,A,402Fh`1v`l>G10SLqFI6PJ7000S:,0*4E
!AIVDM,1,1,,A,402Fh`1v`l>GE0SLqFI6PJ7000S:,0*3A
!AIVDM,1,1,,A,402Fh`1v`l>Ga0SLqFI6PJ7005iL,0*57
!AIVDM,1,1,,A,402Fh`1v`l>H10SLqFI6PJ700H0u,0*15
!AIVDM,1,1,,A,402Fh`1v`l>Ha0SLqFI6PJ7000S:,0*11
!AIVDM,1,1,,B,402Fh`1v`l>I;0SLqFI6PJ700<7C,0*58
!AIVDM,1,1,,A,402Fh`1v`l>IE0SLqFI6PJ700D7C,0*5D
!AIVDM,1,1,,A,402Fh`1v`l>JE0SLqFI6PJ700@<c,0*71
!AIVDM,1,1,,B,402Fh`1v`l>Jk0SLqFI6PJ7000S:,0*1A
!AIVDM,1,1,,A,402Fh`1v`l>KE0SLqFI6PJ700<6o,0*0A
!AIVDM,2,1,9,A,53Hcrp82:EQLHM@t001@E@QU>38000000000001S1P=3461j084hAQE6,0*7C
!AIVDM,1,1,,B,13Hcrp390`PQ3a@HsRuGtn;D0L2l,0*5B
!AIVDM,1,1,,A,D02Fh`1RpN?b<`N01sDv000,2*4E
!AIVDM,1,1,,A,13Hcrp3ohWPQ3ODHsPu`0F7005ih,0*5C
!AIVDM,1,1,,B,13Hcrp3rP`PQ3MHHsPSotn9D0HIS,0*1A
!AIVDM,1,1,,A,13Hcrp3tP`PQ3G`HsOGWsn8H087T,0*0D
!AIVDM,1,1,,B,13Hcrp3p0`PQ3EVHsNuovn6d0@=K,0*1F
!AIVDM,1,1,,A,402Fh`1v`l>Ma0SLqFI6PJ7000S:,0*14
!AIVDM,1,1,,A,13Hcrp32@`PQ3?VHsMkH1n7V0<2k,0*49
!AIVDM,1,1,,B,D02Fh`02tN?b<`N00mtv000,2*07
!AIVDM,1,1,,A,13Hcrp3t0aPQ3;jHsLsoo68H05ip,0*26
!AIVDM,1,1,,A,402Fh`1v`l>Na0SLqFI6PJ700<6`,0*24
!AIVDM,1,1,,B,13Hcrp34PaPQ31dHsJtWr682081G,0*3D
!AIVDM,1,1,,A,D02Fh`1RpN?b<`N01sDv000,2*4E
!AIVDM,1,1,,B,402Fh`1v`l>OO0SLqFI6PJ700<6V,0*3E
!AIVDM,1,1,,A,13Hcrp3u0aPQ2oJHsHrow6=V05it,0*50
!AIVDM,1,1,,B,13Hcrp3p@aPQ2m2HsHQp9F8205j0,0*78
!AIVDM,1,1,,B,13Hcrp35P`PQ2i0HsGcGsV8d05j0,0*2C
!AIVDM,1,1,,A,402Fh`1v`l>Pa0SLqFI6PJ7005j0,0*3F
!AIVDM,1,1,,A,13Hcrp3t0aPQ2c@HsFOWs6;V00S:,0*2F
!AIVDM,1,1,,B,D02Fh`02tN?b<`N00mtv000,2*07
!AIVDM,1,1,,A,402Fh`1v`l>QE0SLqFI6PJ7008<c,0*12
!AIVDM,1,1,,A,13Hcrp3thaPQ2S:HsDlorF7008CN,0*53
!AIVDM,1,1,,A,13Hcrp3uhaPQ2OFHsD37tF9V0@NU,0*35
!AIVDM,1,1,,A,13Hcrp3u0aPQ2K2HsC8os66J0<2b,0*1A
!AIVDM,1,1,,B,13Hcrp33@aPQ2ILHsBkowV8b0D2b,0*3B
!AIVDM,1,1,,A,402Fh`1v`l>S10SLqFI6PJ7000S:,0*5A
!AIVDM,1,1,,A,402Fh`1v`l>SE0SLqFI6PJ7000S:,0*2E
!AIVDM,1,1,,B,402Fh`1v`l>Sk0SLqFI6PJ700@N@,0*14
!AIVDM,1,1,,A,402Fh`1v`l>TE0SLqFI6PJ700<6g,0*1D
!AIVDM,1,1,,A,13Hcrp3qhaPQ1shHs<cojn;V05j@,0*20
!AIVDM,1,1,,B,402Fh`1v`l>Uk0SLqFI6PJ7008N@,0*6A
!AIVDM,1,1,,A,402Fh`1v`l>VE0SLqFI6PJ7005jH,0*65
!AIVDM,1,1,,B,402Fh`1v`l>VO0SLqFI6PJ7005jH,0*6C
!AIVDM,1,1,,A,402Fh`1v`l>Va0SLqFI6PJ7008HI,0*6F
!AIVDM,1,1,,A,402Fh`1v`l>W10SLqFI6PJ700<6f,0*6B
!AIVDM,1,1,,A,D02Fh`1RpN?b<`N01sDv000,2*4E
!AIVDM,1,1,,A,402Fh`1v`l>Wa0SLqFI6PJ7005jL,0*44
!AIVDM,1,1,,A,13Hcrp3q0aPQ1K6Hs5<7qn3`08O7,0*6A
!AIVDM,1,1,,B,13Hcrp34PaPQ1I@Hs4fGkV460@2=,0*6F
!AIVDM,1,1,,A,D02Fh`1RpN?b<`N01sDv000,2*4E
!AIVDM,1,1,,B,13Hcrp3qhaPQ1ELHs3topV0d0L2b,0*31
!AIVDM,1,1,,A,402Fh`1v`l>`a0SLqFI6PJ7000S:,0*39
!AIVDM,1,1,,A,13Hcrp33@`PQ1@LHs2eGp63`05jP,0*10
!AIVDM,1,1,,B,13Hcrp3qhaPQ1>PHs2?Gpn460<2b,0*2A
!AIVDM,1,1,,B,13Hcrp3sPaPQ1:vHs1Lomn2d0H=h,0*52
!AIVDM,1,1,,A,402Fh`1v`l>aa0SLqFI6PJ700@HI,0*20
!AIVDM,1,1,,A,13Hcrp37PaPQ15`Hs0<WhF1`00SQ,0*40
!AIVDM,1,1,,B,D02Fh`02tN?b<`N00mtv000,2*07
!AIVDM,1,1,,A,D02Fh`1RpN?b<`N01sDv000,2*4E
!AIVDM,1,1,,B,13Hcrp3sPaPQ108HrvtGoV2d0D2c,0*72
!AIVDM,1,1,,A,13Hcrp3rhaPQ0rbHrua7r61b0HON,0*13
!AIVDM,1,1,,A,D02Fh`1RpN?b<`N01sDv000,2*4E
!AIVDM,1,1,,A,13Hcrp3oPaPQ0kTHrt2opV0v0<2f,0*45
!AIVDM,1,1,,B,13Hcrp3t@bPQ0i@HrsRWrEwF08Ig,0*1F
!AIVDM,1,1,,A,402Fh`1v`l>d10SLqFI6PJ70080u,0*49
!AIVDM,1,1,,A,13Hcrp35haPQ0dRHrrEGl64H087l,0*3A
!AIVDM,1,1,,B,13Hcrp370bPQ0VnHrq1olF3F05jh,0*1C
!AIVDM,1,1,,B,33Hcrp3mhbPQ0S`Hrp@os62205rS,0*5E
!AIVDM,1,1,,A,13Hcrp3sPaPQ0QbHrok7s60H05jl,0*49
!AIVDM,1,1,,A,402Fh`1v`l>ea0SLqFI6PJ7000S:,0*3C
!AIVDM,1,1,,A,D02Fh`1RpN?b<`N01sDv000,2*4E
!AIVDM,1,1,,A,402Fh`1v`l>fa0SLqFI6PJ700@HI,0*27
!AIVDM,1,1,,A,402Fh`1v`l>h10SLqFI6PJ700D6k,0*21
!AIVDM,1,1,,B,13Hcrp3s0TPPwr:Hrg3Gun6205k4,0*79
!AIVDM,1,1,,A,D02Fh`1RpN?b<`N01sDv000,2*4E
!AIVDM,1,1,,B,402Fh`1v`l>iO0SLqFI6PJ700<6i,0*27
!AIVDM,1,1,,A,402Fh`1v`l>ia0SLqFI6PJ7005k4,0*03
!AIVDM,1,1,,A,13Hcrp3s0SPPwf4HrdQ`062H087o,0*48
!AIVDM,1,1,,A,13Hcrp340TPPwb`HrchWtn320@Cl,0*39
!AIVDM,1,1,,A,B3q35T005p8Oko6>n;IrswqUoP06,0*3D
!AIVDM,1,1,,A,33Hcrp37PTPPwShHrbFWv62H04AC,0*36
!AIVDM,1,1,,B,13Hcrp3s0TPPwR2Hraw7tV0d00Sd,0*67
!AIVDM,1,1,,A,13Hcrp37hUPPwM6Hr`lojF3b05k<,0*4E
!AIVDM,1,1,,A,D02Fh`1RpN?b<`N01sDv000,2*4E
!AIVDM,1,1,,A,13Hcrp3v0SPPwBJHrVO7qmwb00S5,0*2F
!AIVDM,1,1,,A,D02Fh`1RpN?b<`N01sDv000,2*4E
!AIVDM,1,1,,B,13Hcrp380WPPw9tHrT`WtF5F05kD,0*6A
!AIVDM,1,1,,B,13Hcrp3q0aPPw6dHrSp7p6220@1P,0*41
!AIVDM,2,2,1,A,000000000000000,2*25
!AIVDM,1,1,,A,402Fh`1v`l>na0SLqFI6PJ700<6h,0*0C
!AIVDM,1,1,,A,402Fh`1v`l>o10SLqFI6PJ700@0u,0*3A
!AIVDM,1,1,,A,402Fh`1v`l>oa0SLqFI6PJ7008HI,0*56
!AIVDM,1,1,,B,402Fh`1v`l>p;0SLqFI6PJ700@6l,0*33
!AIVDM,1,1,,A,33JMLP2Ohe0P78nHrEqGwn6V00mh,0*79
!AIVDM,1,1,,A,402Fh`1v`l>qE0SLqFI6PJ700<6m,0*32
!AIVDM,1,1,,A,D02Fh`1RpN?b<`N01sDv000,2*4E
!AIVDM,1,1,,B,34hFa=5000PP`oVHt<63?9S28DhJ,0*30
!AIVDM,1,1,,A,402Fh`1v`l>ra0SLqFI6PJ700D6p,0*70
!AIVDM,1,1,,A,13Hcrp3p@bPPv;pHrFbGq5w00<2V,0*63
!AIVDM,1,1,,A,D02Fh`1RpN?b<`N01sDv000,2*4E
!AIVDM,1,1,,A,402Fh`1v`l?1E0SLqFI6PJ700H<c,0*03
!AIVDM,1,1,,A,D02Fh`1RpN?b<`N01sDv000,2*4E
!AIVDM,1,1,,A,402Fh`1v`l?310SLqFI6PJ700<6h,0*00
!AIVDM,1,1,,A,402Fh`1v`l?3E0SLqFI6PJ700@<c,0*09
!AIVDM,1,1,,B,D02Fh`02tN?b<`N00mtv000,2*07
!AIVDM,1,1,,A,402Fh`1v`l?4E0SLqFI6PJ700<6d,0*7F
!AIVDM,1,1,,B,H02Fh`0ltq@F08TLptpD0000000,2*6C
!AIVDM,1,1,,A,B3IAPHP05p8;mv6?BkM8;wR5oP06,0*3D
!AIVDM,1,1,,A,402Fh`1v`l?510SLqFI6PJ7005pD,0*65
!AIVDM,1,1,,B,402Fh`1v`l?5k0SLqFI6PJ7008N@,0*0B
!AIVDM,1,1,,B,H3Hq4G4TCBD8IWf614onhj00000t,0*05
!AIVDM,2,2,2,A,000000000000000,2*26
!AIVDM,1,1,,B,B3Hq4G00B88BpK6?J:MrowrQlHOK,0*78
!AIVDM,1,1,,A,D02Fh`1RpN?b<`N01sDv000,2*4E
!AIVDM,1,1,,A,B3Hq4G00A`8Bn9V?Ia:3SwcQl8=h,0*4E
!AIVDM,1,1,,A,402Fh`1v`l?8a0SLqFI6PJ7005pP,0*2C
!AIVDM,1,1,,A,402Fh`1v`l?910SLqFI6PJ700@0u,0*6D
!AIVDM,1,1,,A,402Fh`1v`l?9E0SLqFI6PJ700@<c,0*03
!AIVDM,1,1,,B,34hFa=5000PP`oTHt<5VoqS28DiJ,0*4D
!AIVDM,1,1,,A,D02Fh`1RpN?b<`N01sDv000,2*4E
!AIVDM,1,1,,A,13Hcrp3qhCPPtR@Hr568Omwb00R=,0*5B
!AIVDM,1,1,,A,402Fh`1v`l?<E0SLqFI6PJ7005ph,0*34
!AIVDM,1,1,,A,402Fh`1v`l?=10SLqFI6PJ7000S:,0*35
!AIVDM,1,1,,A,34hFa=5000PP`oVHt<5TVaS08DhJ,0*64
!AIVDM,1,1,,A,13Hcrp3rhDPPt?lHr2e`Mn8F00SA,0*05
!AIVDM,1,1,,A,402Fh`1v`l?>E0SLqFI6PJ700@<c,0*04
!AIVDM,1,1,,B,13Hcrp3thDPPt8<Hr1k`LF84081u,0*5F
!AIVDM,1,1,,A,402Fh`1v`l??a0SLqFI6PJ700@HI,0*7F
!AIVDM,1,1,,A,402Fh`1v`l?@10SLqFI6PJ700@0u,0*14
!AIVDM,1,1,,A,402Fh`1v`l?@a0SLqFI6PJ700<6d,0*2F
!AIVDM,1,1,,B,H3Hq4G0D<=DlD00000000000000,2*0F
!AIVDM,1,1,,A,D02Fh`1RpN?b<`N01sDv000,2*4E
!AIVDM,1,1,,A,B3Hq4G00=H8BIwV?AEAs3we1l<3?,0*3F
!AIVDM,1,1,,A,402Fh`1v`l?B10SLqFI6PJ70080u,0*6E
!AIVDM,1,1,,A,402Fh`1v`l?CE0SLqFI6PJ700H<c,0*71
!AIVDM,1,1,,A,33Hcrp0:hMPPspLHqu<A;@q>00w@,0*5D
!AIVDM,1,1,,B,13Hcrp0;POPPsprHquEPtPsF08Ih,0*0A
!AIVDM,1,1,,B,13Hcrp0ohWPPstBHqv30u0v40<2c,0*3D
!AIVDM,1,1,,A,13Hcrp09PbPPsv@HqvK@u@vF087D,0*49
!AIVDM,1,1,,A,H3HttT0huF104q@4T0000000000,2*4C
!AIVDM,1,1,,A,13Hcrp0ohiPPt;VHr1@hvhvF05qD,0*77
!AIVDM,1,1,,A,402Fh`1v`l?EE0SLqFI6PJ700@<c,0*7F
!AIVDM,1,1,,A,402Fh`1v`l?Ea0SLqFI6PJ700@HI,0*05
!AIVDM,1,1,,A,402Fh`1v`l?F10SLqFI6PJ700<6U,0*48
!AIVDM,1,1,,A,D02Fh`1RpN?b<`N01sDv000,2*4E
!AIVDM,1,1,,A,402Fh`1v`l?Fa0SLqFI6PJ700<6U,0*18
!AIVDM,1,1,,B,D02Fh`02tN?b<`N00mtv000,2*07
!AIVDM,1,1,,A,402Fh`1v`l?GE0SLqFI6PJ7008<c,0*05
!AIVDM,2,2,3,B,000000000000000,2*24
!AIVDM,1,1,,A,402Fh`1v`l?Ha0SLqFI6PJ7005qP,0*5D
!AIVDM,1,1,,A,B3HttT00988:s46?=>@0gwr5oP06,0*1B
!AIVDM,1,1,,A,34hFa=5000PP`oTHt<5aHaS28Dfb,0*69
!AIVDM,1,1,,A,13Hcrp0r1FPPutnHrHFPpPpJ0883,0*2A
!AIVDM,1,1,,A,402Fh`1v`l?Ja0SLqFI6PJ700D6i,0*50
!AIVDM,1,1,,B,402Fh`1v`l?KO0SLqFI6PJ7008BR,0*4F
!AIVDM,1,1,,A,13Hcrp03iIPPvgVHrRo@sPtJ00Rg,0*06
!AIVDM,1,1,,A,402Fh`1v`l?La0SLqFI6PJ700<6k,0*2C
!AIVDM,1,1,,A,D02Fh`1RpN?b<`N01sDv000,2*4E
!AIVDM,1,1,,A,402Fh`1v`l?N10SLqFI6PJ70080u,0*62
!AIVDM,1,1,,A,D02Fh`1RpN?b<`N01sDv000,2*4E
!AIVDM,1,1,,A,B3Hq4G00=`8A4dV?B9nsOwe1lD2u,0*65
!AIVDM,1,1,,A,402Fh`1v`l?O10SLqFI6PJ7005qt,0*2E
!AIVDM,1,1,,B,402Fh`1v`l?OO0SLqFI6PJ700<6n,0*07
!AIVDM,1,1,,A,B3HttT00:h8:w:6?At@8wwr5oP06,0*6C
!AIVDM,1,1,,A,13Hcrp0:QRPQ0IRHrq2@s0vH0<2b,0*36
!AIVDM,1,1,,B,13Hcrp0nQQPQ0NhHrr6Pt0rf08=v,0*7A
!AIVDM,1,1,,A,H3HttT0huF104q@4T0000000000,2*4C
!AIVDM,1,1,,B,B3HttT008@8;2LV?BoP=cwc5kP06,0*1B
!AIVDM,1,1,,A,13Hcrp0piPPQ0whHs0sPuPu20@Cq,0*52
!AIVDM,1,1,,A,13Hcrp05APPQ1AVHs4gPq@tH05r8,0*44
!AIVDM,1,1,,A,B3Hq4G00?88@T=V?DDBtOwe1n5G1,0*15
!AIVDM,1,1,,B,34hFa=5vh0PP`oTHt<5`HqS28Dar,0*72
!AIVDM,1,1,,A,B3HttT00:08;9HV?D3d?Kwr5kP06,0*30
!AIVDM,1,1,,B,B3HttT00:88;:rV?DCP>owc5oP06,0*76
!AIVDM,1,1,,A,13Hcrp06iRPQ2UNHsFHhrPrH0D2S,0*48
!AIVDM,1,1,,B,B3HttT00988;=O6?Dpt:?wc5oP06,0*6C
!AIVDM,1,1,,A,402Fh`1v`l?Ua0SLqFI6PJ7000S:,0*0D
!AIVDM,1,1,,A,D02Fh`1RpN?b<`N01sDv000,2*4E
!AIVDM,1,1,,A,13Hcrp02ARPQ3D8HsPD0u0s`0@O>,0*1A
!AIVDM,1,1,,A,D02Fh`1RpN?b<`N01sDv000,2*4E
!AIVDM,1,1,,B,402Fh`1v`l?WO0SLqFI6PJ7008BR,0*53
!AIVDM,1,1,,A,402Fh`1v`l?`E0SLqFI6PJ700@<c,0*5A
!AIVDM,1,1,,A,402Fh`1v`l?a10SLqFI6PJ70080u,0*4D
!AIVDM,1,1,,A,402Fh`1v`l?aE0SLqFI6PJ700<6k,0*25
!AIVDM,1,1,,A,402Fh`1v`l?b10SLqFI6PJ7005r`,0*14
!AIVDM,2,2,4,A,000000000000000,2*20
!AIVDM,1,1,,A,B3HttT006p8;@96?E15s;wr5oP06,0*7E
!AIVDM,1,1,,A,B3Hq4G009H8?foV?E862Wwc1l<2p,0*12
!AIVDM,1,1,,A,13Hcrp07ASPQ5HbHst70vPu008CS,0*35
!AIVDM,1,1,,A,B3HttT006p8;>r6?DUEmGwrUoP06,0*5C
!AIVDM,1,1,,A,D02Fh`1RpN?b<`N01sDv000,2*4E
!AIVDM,1,1,,B,B3HttT007H8;>@6?DEqvWwe5oP06,0*0C
!AIVDM,1,1,,B,B3Hq4G00=88?anV?DAn4CwrQl0RL,0*70
!AIVDM,1,1,,A,H3HttT0huF104q@4T0000000000,2*4C
!AIVDM,1,1,,A,H3HttT4TCBD6RPN615mpii000000,0*31
!AIVDM,1,1,,A,B3Hq4G009p8?`L6?CwR0wwc1l5rl,0*35
!AIVDM,1,1,,A,402Fh`1v`l?ea0SLqFI6PJ700D6b,0*74
!AIVDM,1,1,,A,B3HttT007p8;<OV?Cb5s;wrUoP06,0*20
!AIVDM,1,1,,B,13Hcrp06QSPQ6QRHt;1@w0r60L2h,0*6D
!AIVDM,1,1,,A,D02Fh`1RpN?b<`N01sDv000,2*4E
!AIVDM,1,1,,A,B3Hq4G00=88?TqV?CG1tswc1l0Tq,0*3D
!AIVDM,1,1,,B,402Fh`1v`l?fO0SLqFI6PJ7005rp,0*7D
!AIVDM,1,1,,B,B3Hq4G00>88?SQV?Bt5t;wr1l@Ns,0*1D
!AIVDM,1,1,,A,H3Hq4G0D<=DlD00000000000000,2*0C
!AIVDM,1,1,,A,D02Fh`1RpN?b<`N01sDv000,2*4E
!AIVDM,1,1,,A,13Hcrp08QUPQ7;tHtCe@rhtv0@Bo,0*67
!AIVDM,1,1,,B,13Hcrp0sQTPQ7@bHtDdPqhqB0<2i,0*6D
!AIVDM,2,2,5,B,000000000000000,2*22
!AIVDM,1,1,,B,13Hcrp051RPQ7TLHtHWPrhnb08=8,0*2E
!AIVDM,1,1,,B,13Hcrp0:ASPQ7f@HtJV0v0uB08Hd,0*43
!AIVDM,1,1,,B,B3Hq4G00=`8?KI6?A860Owr1l8Ns,0*22
!AIVDM,1,1,,B,13Hcrp0viSPQ7phHtLi0rPp60@2@,0*13
!AIVDM,1,1,,A,402Fh`1v`l?iE0SLqFI6PJ7005s4,0*3E
!AIVDM,1,1,,B,B3HttT007`8;7nV?AkqukwcUoP06,0*11
!AIVDM,1,1,,A,13Hcrp0piSPQ86HHtOR@t0rv08Bo,0*34
!AIVDM,1,1,,B,13Hcrp0viUPQ8;BHtPRhsPuB05s4,0*34
!AIVDM,1,1,,B,B3Hq4G00?`8?FR6?@@v9Cwr1l5s4,0*7D
!AIVDM,1,1,,A,13Hcrp0pQTPQ8JjHtSVhvhpH087R,0*4B
!AIVDM,1,1,,A,13Hcrp06QUPQ8T4HtUPPuPrv05s8,0*50
!AIVDM,1,1,,B,13Hcrp0lARPQ8k`Ht`cPthp6082@,0*3C
!AIVDM,1,1,,B,13Hcrp041SPQ8u2HtbS0uPtd0D2c,0*3B
!AIVDM,1,1,,B,13Hcrp081SPQ96jHtdQ0v0wD0HIA,0*3C
!AIVDM,1,1,,A,B3HttT007`8;4;6?@cemKws5oP06,0*71
!AIVDM,1,1,,B,13Hcrp071UPQ9T<HtjLhs0sD0D2c,0*1E
!AIVDM,1,1,,A,13Hcrp0<AVPQ9`bHtkG@sPwV08NV,0*6E
!AIVDM,1,1,,A,402Fh`1v`l?m10SLqFI6PJ7005sD,0*3E
!AIVDM,1,1,,A,B3Hq4G00A88?6c6?=:QwWwd1l@>:,0*43
!AIVDM,1,1,,A,13Hcrp08ASPQ9u8HtoHhw0s008C`,0*3E
!AIVDM,1,1,,A,B3IAPHP05`8<qCV?A7e:;wQUoP06,0*75
!AIVDM,1,1,,A,B3HttT007H8;1f6??eB23wrUoP06,0*19
!AIVDM,2,1,6,A,54hFa=80?M?M`LQ3<004l85=<4@u80000000000U6@t994O:0:P@0000,0*7B
!AIVDM,1,1,,A,B3Hq4G00>H8?1e6?<FJ>Owd1l<34,0*05
!AIVDM,1,1,,B,B3Hq4G00:p8>wPV?<3F1gwr1l<36,0*62
!AIVDM,1,1,,A,34hFa=5vh0PP`oTHt<5SraS28Dhb,0*71
!AIVDM,1,1,,A,B3Hq4G00=`8>rPV?:ruq7wd1l5sP,0*2E
!AIVDM,1,1,,A,B3Hq4G00@`8>na6?:7iw7wd1l0T<,0*0F
!AIVDM,1,1,,A,B3HttT008H8:sHV?=TavWwrUoP06,0*2B
!AIVDM,1,1,,B,B3HttT00788:rG6?=FUw3wc5oP06,0*0B
!AIVDM,1,1,,B,34hFa=5000PP`oRHt<5Jl9Rv8Dm:,0*2D
!AIVDM,1,1,,A,D02Fh`1RpN?b<`N01sDv000,2*4E
!AIVDM,1,1,,B,B3HttT00;88:pQV?<rn2CwcUoP06,0*28
!AIVDM,1,1,,A,D02Fh`1RpN?b<`N01sDv000,2*4E
!AIVDM,1,1,,A,B3Hq4G00?88>cOV?7e1ukwdQl600,0*3C
